Archive member included to satisfy reference by file (symbol)

c:/st/stm32cubeide_1.0.2/stm32cubeide/plugins/com.st.stm32cube.ide.mcu.externaltools.gnu-tools-for-stm32.7-2018-q2-update.win32_1.0.0.201904181610/tools/bin/../lib/gcc/arm-none-eabi/7.3.1/../../../../arm-none-eabi/lib/thumb/v7e-m/fpv4-sp/hard\libc_nano.a(lib_a-errno.o)
                              Core/Src/syscalls.o (__errno)
c:/st/stm32cubeide_1.0.2/stm32cubeide/plugins/com.st.stm32cube.ide.mcu.externaltools.gnu-tools-for-stm32.7-2018-q2-update.win32_1.0.0.201904181610/tools/bin/../lib/gcc/arm-none-eabi/7.3.1/../../../../arm-none-eabi/lib/thumb/v7e-m/fpv4-sp/hard\libc_nano.a(lib_a-exit.o)
                              c:/st/stm32cubeide_1.0.2/stm32cubeide/plugins/com.st.stm32cube.ide.mcu.externaltools.gnu-tools-for-stm32.7-2018-q2-update.win32_1.0.0.201904181610/tools/bin/../lib/gcc/arm-none-eabi/7.3.1/../../../../arm-none-eabi/lib/thumb/v7e-m/fpv4-sp/hard/crt0.o (exit)
c:/st/stm32cubeide_1.0.2/stm32cubeide/plugins/com.st.stm32cube.ide.mcu.externaltools.gnu-tools-for-stm32.7-2018-q2-update.win32_1.0.0.201904181610/tools/bin/../lib/gcc/arm-none-eabi/7.3.1/../../../../arm-none-eabi/lib/thumb/v7e-m/fpv4-sp/hard\libc_nano.a(lib_a-impure.o)
                              c:/st/stm32cubeide_1.0.2/stm32cubeide/plugins/com.st.stm32cube.ide.mcu.externaltools.gnu-tools-for-stm32.7-2018-q2-update.win32_1.0.0.201904181610/tools/bin/../lib/gcc/arm-none-eabi/7.3.1/../../../../arm-none-eabi/lib/thumb/v7e-m/fpv4-sp/hard\libc_nano.a(lib_a-exit.o) (_global_impure_ptr)
c:/st/stm32cubeide_1.0.2/stm32cubeide/plugins/com.st.stm32cube.ide.mcu.externaltools.gnu-tools-for-stm32.7-2018-q2-update.win32_1.0.0.201904181610/tools/bin/../lib/gcc/arm-none-eabi/7.3.1/../../../../arm-none-eabi/lib/thumb/v7e-m/fpv4-sp/hard\libc_nano.a(lib_a-init.o)
                              c:/st/stm32cubeide_1.0.2/stm32cubeide/plugins/com.st.stm32cube.ide.mcu.externaltools.gnu-tools-for-stm32.7-2018-q2-update.win32_1.0.0.201904181610/tools/bin/../lib/gcc/arm-none-eabi/7.3.1/../../../../arm-none-eabi/lib/thumb/v7e-m/fpv4-sp/hard/crt0.o (__libc_init_array)
c:/st/stm32cubeide_1.0.2/stm32cubeide/plugins/com.st.stm32cube.ide.mcu.externaltools.gnu-tools-for-stm32.7-2018-q2-update.win32_1.0.0.201904181610/tools/bin/../lib/gcc/arm-none-eabi/7.3.1/../../../../arm-none-eabi/lib/thumb/v7e-m/fpv4-sp/hard\libc_nano.a(lib_a-memcpy-stub.o)
                              Middlewares/Third_Party/FreeRTOS/Source/queue.o (memcpy)
c:/st/stm32cubeide_1.0.2/stm32cubeide/plugins/com.st.stm32cube.ide.mcu.externaltools.gnu-tools-for-stm32.7-2018-q2-update.win32_1.0.0.201904181610/tools/bin/../lib/gcc/arm-none-eabi/7.3.1/../../../../arm-none-eabi/lib/thumb/v7e-m/fpv4-sp/hard\libc_nano.a(lib_a-memset.o)
                              c:/st/stm32cubeide_1.0.2/stm32cubeide/plugins/com.st.stm32cube.ide.mcu.externaltools.gnu-tools-for-stm32.7-2018-q2-update.win32_1.0.0.201904181610/tools/bin/../lib/gcc/arm-none-eabi/7.3.1/../../../../arm-none-eabi/lib/thumb/v7e-m/fpv4-sp/hard/crt0.o (memset)
c:/st/stm32cubeide_1.0.2/stm32cubeide/plugins/com.st.stm32cube.ide.mcu.externaltools.gnu-tools-for-stm32.7-2018-q2-update.win32_1.0.0.201904181610/tools/bin/../lib/gcc/arm-none-eabi/7.3.1/thumb/v7e-m/fpv4-sp/hard\libgcc.a(_aeabi_uldivmod.o)
                              Drivers/STM32F7xx_HAL_Driver/Src/stm32f7xx_hal_rcc.o (__aeabi_uldivmod)
c:/st/stm32cubeide_1.0.2/stm32cubeide/plugins/com.st.stm32cube.ide.mcu.externaltools.gnu-tools-for-stm32.7-2018-q2-update.win32_1.0.0.201904181610/tools/bin/../lib/gcc/arm-none-eabi/7.3.1/thumb/v7e-m/fpv4-sp/hard\libgcc.a(_udivmoddi4.o)
                              c:/st/stm32cubeide_1.0.2/stm32cubeide/plugins/com.st.stm32cube.ide.mcu.externaltools.gnu-tools-for-stm32.7-2018-q2-update.win32_1.0.0.201904181610/tools/bin/../lib/gcc/arm-none-eabi/7.3.1/thumb/v7e-m/fpv4-sp/hard\libgcc.a(_aeabi_uldivmod.o) (__udivmoddi4)
c:/st/stm32cubeide_1.0.2/stm32cubeide/plugins/com.st.stm32cube.ide.mcu.externaltools.gnu-tools-for-stm32.7-2018-q2-update.win32_1.0.0.201904181610/tools/bin/../lib/gcc/arm-none-eabi/7.3.1/thumb/v7e-m/fpv4-sp/hard\libgcc.a(_dvmd_tls.o)
                              c:/st/stm32cubeide_1.0.2/stm32cubeide/plugins/com.st.stm32cube.ide.mcu.externaltools.gnu-tools-for-stm32.7-2018-q2-update.win32_1.0.0.201904181610/tools/bin/../lib/gcc/arm-none-eabi/7.3.1/thumb/v7e-m/fpv4-sp/hard\libgcc.a(_aeabi_uldivmod.o) (__aeabi_ldiv0)

Allocating common symbols
Common symbol       size              file

defaultTaskHandle   0x4               Core/Src/freertos.o
sensor_time         0x4               Core/Src/freertos.o
htim4               0x40              Core/Src/freertos.o
local_time          0x4               Core/Src/freertos.o
uwTick              0x4               Drivers/STM32F7xx_HAL_Driver/Src/stm32f7xx_hal.o
xQueueRegistry      0x40              Middlewares/Third_Party/FreeRTOS/Source/queue.o
pFlash              0x1c              Drivers/STM32F7xx_HAL_Driver/Src/stm32f7xx_hal_flash.o
[...]
Memory Configuration

Name             Origin             Length             Attributes
RAM              0x0000000020000000 0x0000000000050000 xrw
FLASH            0x0000000008000000 0x0000000000100000 xr
*default*        0x0000000000000000 0xffffffffffffffff

Linker script and memory map

LOAD c:/st/stm32cubeide_1.0.2/stm32cubeide/plugins/com.st.stm32cube.ide.mcu.externaltools.gnu-tools-for-stm32.7-2018-q2-update.win32_1.0.0.201904181610/tools/bin/../lib/gcc/arm-none-eabi/7.3.1/thumb/v7e-m/fpv4-sp/hard/crti.o
LOAD c:/st/stm32cubeide_1.0.2/stm32cubeide/plugins/com.st.stm32cube.ide.mcu.externaltools.gnu-tools-for-stm32.7-2018-q2-update.win32_1.0.0.201904181610/tools/bin/../lib/gcc/arm-none-eabi/7.3.1/thumb/v7e-m/fpv4-sp/hard/crtbegin.o
LOAD c:/st/stm32cubeide_1.0.2/stm32cubeide/plugins/com.st.stm32cube.ide.mcu.externaltools.gnu-tools-for-stm32.7-2018-q2-update.win32_1.0.0.201904181610/tools/bin/../lib/gcc/arm-none-eabi/7.3.1/../../../../arm-none-eabi/lib/thumb/v7e-m/fpv4-sp/hard/crt0.o
LOAD Core/Src/freertos.o
LOAD Core/Src/functions.o
LOAD Core/Src/gpio.o
LOAD Core/Src/main.o
LOAD Core/Src/stm32f7xx_hal_msp.o
LOAD Core/Src/stm32f7xx_hal_timebase_tim.o
LOAD Core/Src/stm32f7xx_it.o
LOAD Core/Src/syscalls.o
LOAD Core/Src/sysmem.o
LOAD Core/Src/system_stm32f7xx.o
LOAD Core/Src/tim.o
LOAD Core/Src/usart.o
LOAD Core/Startup/startup_stm32f746zgtx.o
LOAD Drivers/STM32F7xx_HAL_Driver/Src/stm32f7xx_hal.o
LOAD Drivers/STM32F7xx_HAL_Driver/Src/stm32f7xx_hal_cortex.o
LOAD Drivers/STM32F7xx_HAL_Driver/Src/stm32f7xx_hal_dma.o
LOAD Drivers/STM32F7xx_HAL_Driver/Src/stm32f7xx_hal_dma_ex.o
LOAD Drivers/STM32F7xx_HAL_Driver/Src/stm32f7xx_hal_exti.o
LOAD Drivers/STM32F7xx_HAL_Driver/Src/stm32f7xx_hal_flash.o
LOAD Drivers/STM32F7xx_HAL_Driver/Src/stm32f7xx_hal_flash_ex.o
LOAD Drivers/STM32F7xx_HAL_Driver/Src/stm32f7xx_hal_gpio.o
LOAD Drivers/STM32F7xx_HAL_Driver/Src/stm32f7xx_hal_i2c.o
LOAD Drivers/STM32F7xx_HAL_Driver/Src/stm32f7xx_hal_i2c_ex.o
LOAD Drivers/STM32F7xx_HAL_Driver/Src/stm32f7xx_hal_pwr.o
LOAD Drivers/STM32F7xx_HAL_Driver/Src/stm32f7xx_hal_pwr_ex.o
LOAD Drivers/STM32F7xx_HAL_Driver/Src/stm32f7xx_hal_rcc.o
LOAD Drivers/STM32F7xx_HAL_Driver/Src/stm32f7xx_hal_rcc_ex.o
LOAD Drivers/STM32F7xx_HAL_Driver/Src/stm32f7xx_hal_tim.o
LOAD Drivers/STM32F7xx_HAL_Driver/Src/stm32f7xx_hal_tim_ex.o
LOAD Drivers/STM32F7xx_HAL_Driver/Src/stm32f7xx_hal_uart.o
LOAD Drivers/STM32F7xx_HAL_Driver/Src/stm32f7xx_hal_uart_ex.o
LOAD Middlewares/Third_Party/FreeRTOS/Source/CMSIS_RTOS/cmsis_os.o
LOAD Middlewares/Third_Party/FreeRTOS/Source/croutine.o
LOAD Middlewares/Third_Party/FreeRTOS/Source/event_groups.o
LOAD Middlewares/Third_Party/FreeRTOS/Source/list.o
LOAD Middlewares/Third_Party/FreeRTOS/Source/queue.o
LOAD Middlewares/Third_Party/FreeRTOS/Source/stream_buffer.o
LOAD Middlewares/Third_Party/FreeRTOS/Source/tasks.o
LOAD Middlewares/Third_Party/FreeRTOS/Source/timers.o
LOAD Middlewares/Third_Party/FreeRTOS/Source/portable/GCC/ARM_CM7/r0p1/port.o
LOAD Middlewares/Third_Party/FreeRTOS/Source/portable/MemMang/heap_4.o
START GROUP
LOAD c:/st/stm32cubeide_1.0.2/stm32cubeide/plugins/com.st.stm32cube.ide.mcu.externaltools.gnu-tools-for-stm32.7-2018-q2-update.win32_1.0.0.201904181610/tools/bin/../lib/gcc/arm-none-eabi/7.3.1/../../../../arm-none-eabi/lib/thumb/v7e-m/fpv4-sp/hard\libc_nano.a
LOAD c:/st/stm32cubeide_1.0.2/stm32cubeide/plugins/com.st.stm32cube.ide.mcu.externaltools.gnu-tools-for-stm32.7-2018-q2-update.win32_1.0.0.201904181610/tools/bin/../lib/gcc/arm-none-eabi/7.3.1/../../../../arm-none-eabi/lib/thumb/v7e-m/fpv4-sp/hard\libm.a
END GROUP
START GROUP
LOAD c:/st/stm32cubeide_1.0.2/stm32cubeide/plugins/com.st.stm32cube.ide.mcu.externaltools.gnu-tools-for-stm32.7-2018-q2-update.win32_1.0.0.201904181610/tools/bin/../lib/gcc/arm-none-eabi/7.3.1/thumb/v7e-m/fpv4-sp/hard\libgcc.a
LOAD c:/st/stm32cubeide_1.0.2/stm32cubeide/plugins/com.st.stm32cube.ide.mcu.externaltools.gnu-tools-for-stm32.7-2018-q2-update.win32_1.0.0.201904181610/tools/bin/../lib/gcc/arm-none-eabi/7.3.1/../../../../arm-none-eabi/lib/thumb/v7e-m/fpv4-sp/hard\libc_nano.a
END GROUP
START GROUP
LOAD c:/st/stm32cubeide_1.0.2/stm32cubeide/plugins/com.st.stm32cube.ide.mcu.externaltools.gnu-tools-for-stm32.7-2018-q2-update.win32_1.0.0.201904181610/tools/bin/../lib/gcc/arm-none-eabi/7.3.1/thumb/v7e-m/fpv4-sp/hard\libgcc.a
LOAD c:/st/stm32cubeide_1.0.2/stm32cubeide/plugins/com.st.stm32cube.ide.mcu.externaltools.gnu-tools-for-stm32.7-2018-q2-update.win32_1.0.0.201904181610/tools/bin/../lib/gcc/arm-none-eabi/7.3.1/../../../../arm-none-eabi/lib/thumb/v7e-m/fpv4-sp/hard\libc_nano.a
LOAD c:/st/stm32cubeide_1.0.2/stm32cubeide/plugins/com.st.stm32cube.ide.mcu.externaltools.gnu-tools-for-stm32.7-2018-q2-update.win32_1.0.0.201904181610/tools/bin/../lib/gcc/arm-none-eabi/7.3.1/../../../../arm-none-eabi/lib/thumb/v7e-m/fpv4-sp/hard\libnosys.a
END GROUP
START GROUP
LOAD c:/st/stm32cubeide_1.0.2/stm32cubeide/plugins/com.st.stm32cube.ide.mcu.externaltools.gnu-tools-for-stm32.7-2018-q2-update.win32_1.0.0.201904181610/tools/bin/../lib/gcc/arm-none-eabi/7.3.1/thumb/v7e-m/fpv4-sp/hard\libgcc.a
LOAD c:/st/stm32cubeide_1.0.2/stm32cubeide/plugins/com.st.stm32cube.ide.mcu.externaltools.gnu-tools-for-stm32.7-2018-q2-update.win32_1.0.0.201904181610/tools/bin/../lib/gcc/arm-none-eabi/7.3.1/../../../../arm-none-eabi/lib/thumb/v7e-m/fpv4-sp/hard\libc_nano.a
LOAD c:/st/stm32cubeide_1.0.2/stm32cubeide/plugins/com.st.stm32cube.ide.mcu.externaltools.gnu-tools-for-stm32.7-2018-q2-update.win32_1.0.0.201904181610/tools/bin/../lib/gcc/arm-none-eabi/7.3.1/../../../../arm-none-eabi/lib/thumb/v7e-m/fpv4-sp/hard\libnosys.a
END GROUP
LOAD c:/st/stm32cubeide_1.0.2/stm32cubeide/plugins/com.st.stm32cube.ide.mcu.externaltools.gnu-tools-for-stm32.7-2018-q2-update.win32_1.0.0.201904181610/tools/bin/../lib/gcc/arm-none-eabi/7.3.1/thumb/v7e-m/fpv4-sp/hard/crtend.o
LOAD c:/st/stm32cubeide_1.0.2/stm32cubeide/plugins/com.st.stm32cube.ide.mcu.externaltools.gnu-tools-for-stm32.7-2018-q2-update.win32_1.0.0.201904181610/tools/bin/../lib/gcc/arm-none-eabi/7.3.1/thumb/v7e-m/fpv4-sp/hard/crtn.o
                0x0000000020050000                _estack = (ORIGIN (RAM) + LENGTH (RAM))
                0x0000000000000200                _Min_Heap_Size = 0x200
                0x0000000000000400                _Min_Stack_Size = 0x400

.isr_vector     0x0000000008000000      0x1c8
                0x0000000008000000                . = ALIGN (0x4)
 *(.isr_vector)
 .isr_vector    0x0000000008000000      0x1c8 Core/Startup/startup_stm32f746zgtx.o
                0x0000000008000000                g_pfnVectors
                0x00000000080001c8                . = ALIGN (0x4)

.text           0x00000000080001d0     0x7444
                0x00000000080001d0                . = ALIGN (0x4)
 *(.text)
 .text          0x00000000080001d0       0x40 c:/st/stm32cubeide_1.0.2/stm32cubeide/plugins/com.st.stm32cube.ide.mcu.externaltools.gnu-tools-for-stm32.7-2018-q2-update.win32_1.0.0.201904181610/tools/bin/../lib/gcc/arm-none-eabi/7.3.1/thumb/v7e-m/fpv4-sp/hard/crtbegin.o
 .text          0x0000000008000210       0x30 c:/st/stm32cubeide_1.0.2/stm32cubeide/plugins/com.st.stm32cube.ide.mcu.externaltools.gnu-tools-for-stm32.7-2018-q2-update.win32_1.0.0.201904181610/tools/bin/../lib/gcc/arm-none-eabi/7.3.1/thumb/v7e-m/fpv4-sp/hard\libgcc.a(_aeabi_uldivmod.o)
                0x0000000008000210                __aeabi_uldivmod
 .text          0x0000000008000240      0x2cc c:/st/stm32cubeide_1.0.2/stm32cubeide/plugins/com.st.stm32cube.ide.mcu.externaltools.gnu-tools-for-stm32.7-2018-q2-update.win32_1.0.0.201904181610/tools/bin/../lib/gcc/arm-none-eabi/7.3.1/thumb/v7e-m/fpv4-sp/hard\libgcc.a(_udivmoddi4.o)
                0x0000000008000240                __udivmoddi4
 .text          0x000000000800050c        0x4 c:/st/stm32cubeide_1.0.2/stm32cubeide/plugins/com.st.stm32cube.ide.mcu.externaltools.gnu-tools-for-stm32.7-2018-q2-update.win32_1.0.0.201904181610/tools/bin/../lib/gcc/arm-none-eabi/7.3.1/thumb/v7e-m/fpv4-sp/hard\libgcc.a(_dvmd_tls.o)
                0x000000000800050c                __aeabi_idiv0
                0x000000000800050c                __aeabi_ldiv0
 *(.text*)
 .text.vApplicationGetIdleTaskMemory
                0x0000000008000510       0x34 Core/Src/freertos.o
                0x0000000008000510                vApplicationGetIdleTaskMemory
 .text.MX_FREERTOS_Init
                0x0000000008000544       0xe0 Core/Src/freertos.o
                0x0000000008000544                MX_FREERTOS_Init
 .text.StartDefaultTask
                0x0000000008000624      0x188 Core/Src/freertos.o
                0x0000000008000624                StartDefaultTask
 .text.czujnik_init
                0x00000000080007ac       0x90 Core/Src/freertos.o
                0x00000000080007ac                czujnik_init
 .text.wyswietlacz_init
                0x000000000800083c       0x84 Core/Src/freertos.o
                0x000000000800083c                wyswietlacz_init
 .text.pilot_init
                0x00000000080008c0      0x188 Core/Src/freertos.o
                0x00000000080008c0                pilot_init
 .text.delay    0x0000000008000a48       0x30 Core/Src/functions.o
                0x0000000008000a48                delay
 .text.delay1   0x0000000008000a78       0x30 Core/Src/functions.o
                0x0000000008000a78                delay1
 .text.receive_data
                0x0000000008000aa8       0xc0 Core/Src/functions.o
                0x0000000008000aa8                receive_data
 .text.convert_code
                0x0000000008000b68       0xd8 Core/Src/functions.o
                0x0000000008000b68                convert_code
 .text.hcsr04_read
                0x0000000008000c40       0x78 Core/Src/functions.o
                0x0000000008000c40                hcsr04_read
 .text.screenON
                0x0000000008000cb8      0x2b8 Core/Src/functions.o
                0x0000000008000cb8                screenON
 .text.screenOFF
                0x0000000008000f70       0x68 Core/Src/functions.o
                0x0000000008000f70                screenOFF
 .text.display  0x0000000008000fd8      0x324 Core/Src/functions.o
                0x0000000008000fd8                display
 .text.servo_forward
                0x00000000080012fc       0x1c Core/Src/functions.o
                0x00000000080012fc                servo_forward
 .text.servo_backward
                0x0000000008001318       0x1c Core/Src/functions.o
                0x0000000008001318                servo_backward
 .text.servo_stop
                0x0000000008001334       0x1c Core/Src/functions.o
                0x0000000008001334                servo_stop
 .text.MX_GPIO_Init
                0x0000000008001350      0x330 Core/Src/gpio.o
                0x0000000008001350                MX_GPIO_Init
 .text.main     0x0000000008001680       0x4c Core/Src/main.o
                0x0000000008001680                main
 .text.SystemClock_Config
                0x00000000080016cc      0x114 Core/Src/main.o
                0x00000000080016cc                SystemClock_Config
 .text.HAL_TIM_PeriodElapsedCallback
                0x00000000080017e0       0x1e Core/Src/main.o
                0x00000000080017e0                HAL_TIM_PeriodElapsedCallback
 .text.Error_Handler
                0x00000000080017fe        0xe Core/Src/main.o
                0x00000000080017fe                Error_Handler
 .text.HAL_MspInit
                0x000000000800180c       0x50 Core/Src/stm32f7xx_hal_msp.o
                0x000000000800180c                HAL_MspInit
 .text.HAL_InitTick
                0x000000000800185c       0xb0 Core/Src/stm32f7xx_hal_timebase_tim.o
                0x000000000800185c                HAL_InitTick
 .text.NMI_Handler
                0x000000000800190c        0xe Core/Src/stm32f7xx_it.o
                0x000000000800190c                NMI_Handler
 .text.HardFault_Handler
                0x000000000800191a        0x6 Core/Src/stm32f7xx_it.o
                0x000000000800191a                HardFault_Handler
 .text.MemManage_Handler
                0x0000000008001920        0x6 Core/Src/stm32f7xx_it.o
                0x0000000008001920                MemManage_Handler
 .text.BusFault_Handler
                0x0000000008001926        0x6 Core/Src/stm32f7xx_it.o
                0x0000000008001926                BusFault_Handler
 .text.UsageFault_Handler
                0x000000000800192c        0x6 Core/Src/stm32f7xx_it.o
                0x000000000800192c                UsageFault_Handler
 .text.DebugMon_Handler
                0x0000000008001932        0xe Core/Src/stm32f7xx_it.o
                0x0000000008001932                DebugMon_Handler
 .text.TIM2_IRQHandler
                0x0000000008001940       0x14 Core/Src/stm32f7xx_it.o
                0x0000000008001940                TIM2_IRQHandler
 .text.SystemInit
                0x0000000008001954       0x6c Core/Src/system_stm32f7xx.o
                0x0000000008001954                SystemInit
 .text.MX_TIM1_Init
                0x00000000080019c0       0xa8 Core/Src/tim.o
                0x00000000080019c0                MX_TIM1_Init
 .text.MX_TIM3_Init
                0x0000000008001a68       0x9c Core/Src/tim.o
                0x0000000008001a68                MX_TIM3_Init
 .text.MX_TIM4_Init
                0x0000000008001b04       0xb4 Core/Src/tim.o
                0x0000000008001b04                MX_TIM4_Init
 .text.HAL_TIM_Base_MspInit
                0x0000000008001bb8       0x68 Core/Src/tim.o
                0x0000000008001bb8                HAL_TIM_Base_MspInit
 .text.HAL_TIM_PWM_MspInit
                0x0000000008001c20       0x40 Core/Src/tim.o
                0x0000000008001c20                HAL_TIM_PWM_MspInit
 .text.HAL_TIM_MspPostInit
                0x0000000008001c60       0x70 Core/Src/tim.o
                0x0000000008001c60                HAL_TIM_MspPostInit
 .text.MX_USART2_UART_Init
                0x0000000008001cd0       0x60 Core/Src/usart.o
                0x0000000008001cd0                MX_USART2_UART_Init
 .text.HAL_UART_MspInit
                0x0000000008001d30       0x88 Core/Src/usart.o
                0x0000000008001d30                HAL_UART_MspInit
 .text.Reset_Handler
                0x0000000008001db8       0x50 Core/Startup/startup_stm32f746zgtx.o
                0x0000000008001db8                Reset_Handler
 .text.Default_Handler
                0x0000000008001e08        0x2 Core/Startup/startup_stm32f746zgtx.o
                0x0000000008001e08                RTC_Alarm_IRQHandler
                0x0000000008001e08                EXTI2_IRQHandler
                0x0000000008001e08                TIM8_CC_IRQHandler
                0x0000000008001e08                UART8_IRQHandler
                0x0000000008001e08                SPI4_IRQHandler
                0x0000000008001e08                TIM1_CC_IRQHandler
                0x0000000008001e08                DMA2_Stream5_IRQHandler
                0x0000000008001e08                DMA1_Stream5_IRQHandler
                0x0000000008001e08                PVD_IRQHandler
                0x0000000008001e08                TAMP_STAMP_IRQHandler
                0x0000000008001e08                CAN2_RX1_IRQHandler
                0x0000000008001e08                EXTI3_IRQHandler
                0x0000000008001e08                TIM8_TRG_COM_TIM14_IRQHandler
                0x0000000008001e08                TIM1_UP_TIM10_IRQHandler
                0x0000000008001e08                TIM8_UP_TIM13_IRQHandler
                0x0000000008001e08                I2C3_ER_IRQHandler
                0x0000000008001e08                EXTI0_IRQHandler
                0x0000000008001e08                I2C2_EV_IRQHandler
                0x0000000008001e08                DMA1_Stream2_IRQHandler
                0x0000000008001e08                CAN1_RX0_IRQHandler
                0x0000000008001e08                FPU_IRQHandler
                0x0000000008001e08                OTG_HS_WKUP_IRQHandler
                0x0000000008001e08                LTDC_ER_IRQHandler
                0x0000000008001e08                CAN2_SCE_IRQHandler
                0x0000000008001e08                DMA2_Stream2_IRQHandler
                0x0000000008001e08                SPI1_IRQHandler
                0x0000000008001e08                TIM6_DAC_IRQHandler
                0x0000000008001e08                TIM1_BRK_TIM9_IRQHandler
                0x0000000008001e08                DCMI_IRQHandler
                0x0000000008001e08                CAN2_RX0_IRQHandler
                0x0000000008001e08                DMA2_Stream3_IRQHandler
                0x0000000008001e08                SAI2_IRQHandler
                0x0000000008001e08                USART6_IRQHandler
                0x0000000008001e08                USART3_IRQHandler
                0x0000000008001e08                CAN1_RX1_IRQHandler
                0x0000000008001e08                UART5_IRQHandler
                0x0000000008001e08                DMA2_Stream0_IRQHandler
                0x0000000008001e08                TIM4_IRQHandler
                0x0000000008001e08                QUADSPI_IRQHandler
                0x0000000008001e08                I2C1_EV_IRQHandler
                0x0000000008001e08                DMA1_Stream6_IRQHandler
                0x0000000008001e08                DMA1_Stream1_IRQHandler
                0x0000000008001e08                UART4_IRQHandler
                0x0000000008001e08                TIM3_IRQHandler
                0x0000000008001e08                RCC_IRQHandler
                0x0000000008001e08                TIM8_BRK_TIM12_IRQHandler
                0x0000000008001e08                Default_Handler
                0x0000000008001e08                CEC_IRQHandler
                0x0000000008001e08                EXTI15_10_IRQHandler
                0x0000000008001e08                ADC_IRQHandler
                0x0000000008001e08                DMA1_Stream7_IRQHandler
                0x0000000008001e08                SPI5_IRQHandler
                0x0000000008001e08                TIM7_IRQHandler
                0x0000000008001e08                SDMMC1_IRQHandler
                0x0000000008001e08                CAN2_TX_IRQHandler
                0x0000000008001e08                TIM5_IRQHandler
                0x0000000008001e08                DMA2_Stream7_IRQHandler
                0x0000000008001e08                I2C3_EV_IRQHandler
                0x0000000008001e08                EXTI9_5_IRQHandler
                0x0000000008001e08                RTC_WKUP_IRQHandler
                0x0000000008001e08                LTDC_IRQHandler
                0x0000000008001e08                ETH_WKUP_IRQHandler
                0x0000000008001e08                SPDIF_RX_IRQHandler
                0x0000000008001e08                SPI2_IRQHandler
                0x0000000008001e08                OTG_HS_EP1_IN_IRQHandler
                0x0000000008001e08                DMA1_Stream0_IRQHandler
                0x0000000008001e08                CAN1_TX_IRQHandler
                0x0000000008001e08                EXTI4_IRQHandler
                0x0000000008001e08                RNG_IRQHandler
                0x0000000008001e08                ETH_IRQHandler
                0x0000000008001e08                OTG_HS_EP1_OUT_IRQHandler
                0x0000000008001e08                WWDG_IRQHandler
                0x0000000008001e08                SPI6_IRQHandler
                0x0000000008001e08                I2C4_EV_IRQHandler
                0x0000000008001e08                OTG_FS_WKUP_IRQHandler
                0x0000000008001e08                TIM1_TRG_COM_TIM11_IRQHandler
                0x0000000008001e08                OTG_HS_IRQHandler
                0x0000000008001e08                DMA2D_IRQHandler
                0x0000000008001e08                EXTI1_IRQHandler
                0x0000000008001e08                UART7_IRQHandler
                0x0000000008001e08                USART2_IRQHandler
                0x0000000008001e08                I2C2_ER_IRQHandler
                0x0000000008001e08                DMA2_Stream1_IRQHandler
                0x0000000008001e08                CAN1_SCE_IRQHandler
                0x0000000008001e08                FLASH_IRQHandler
                0x0000000008001e08                DMA2_Stream4_IRQHandler
                0x0000000008001e08                USART1_IRQHandler
                0x0000000008001e08                OTG_FS_IRQHandler
                0x0000000008001e08                SPI3_IRQHandler
                0x0000000008001e08                DMA1_Stream4_IRQHandler
                0x0000000008001e08                I2C1_ER_IRQHandler
                0x0000000008001e08                FMC_IRQHandler
                0x0000000008001e08                LPTIM1_IRQHandler
                0x0000000008001e08                I2C4_ER_IRQHandler
                0x0000000008001e08                DMA2_Stream6_IRQHandler
                0x0000000008001e08                SAI1_IRQHandler
                0x0000000008001e08                DMA1_Stream3_IRQHandler
 .text.HAL_Init
                0x0000000008001e0a       0x1a Drivers/STM32F7xx_HAL_Driver/Src/stm32f7xx_hal.o
                0x0000000008001e0a                HAL_Init
 .text.HAL_IncTick
                0x0000000008001e24       0x28 Drivers/STM32F7xx_HAL_Driver/Src/stm32f7xx_hal.o
                0x0000000008001e24                HAL_IncTick
 .text.HAL_GetTick
                0x0000000008001e4c       0x18 Drivers/STM32F7xx_HAL_Driver/Src/stm32f7xx_hal.o
                0x0000000008001e4c                HAL_GetTick
 .text.HAL_Delay
                0x0000000008001e64       0x44 Drivers/STM32F7xx_HAL_Driver/Src/stm32f7xx_hal.o
                0x0000000008001e64                HAL_Delay
 .text.__NVIC_SetPriorityGrouping
                0x0000000008001ea8       0x48 Drivers/STM32F7xx_HAL_Driver/Src/stm32f7xx_hal_cortex.o
 .text.__NVIC_GetPriorityGrouping
                0x0000000008001ef0       0x1c Drivers/STM32F7xx_HAL_Driver/Src/stm32f7xx_hal_cortex.o
 .text.__NVIC_EnableIRQ
                0x0000000008001f0c       0x3c Drivers/STM32F7xx_HAL_Driver/Src/stm32f7xx_hal_cortex.o
 .text.__NVIC_SetPriority
                0x0000000008001f48       0x54 Drivers/STM32F7xx_HAL_Driver/Src/stm32f7xx_hal_cortex.o
 .text.NVIC_EncodePriority
                0x0000000008001f9c       0x66 Drivers/STM32F7xx_HAL_Driver/Src/stm32f7xx_hal_cortex.o
 .text.HAL_NVIC_SetPriorityGrouping
                0x0000000008002002       0x16 Drivers/STM32F7xx_HAL_Driver/Src/stm32f7xx_hal_cortex.o
                0x0000000008002002                HAL_NVIC_SetPriorityGrouping
 .text.HAL_NVIC_SetPriority
                0x0000000008002018       0x38 Drivers/STM32F7xx_HAL_Driver/Src/stm32f7xx_hal_cortex.o
                0x0000000008002018                HAL_NVIC_SetPriority
 .text.HAL_NVIC_EnableIRQ
                0x0000000008002050       0x1c Drivers/STM32F7xx_HAL_Driver/Src/stm32f7xx_hal_cortex.o
                0x0000000008002050                HAL_NVIC_EnableIRQ
 .text.HAL_GPIO_Init
                0x000000000800206c      0x354 Drivers/STM32F7xx_HAL_Driver/Src/stm32f7xx_hal_gpio.o
                0x000000000800206c                HAL_GPIO_Init
 .text.HAL_GPIO_ReadPin
                0x00000000080023c0       0x30 Drivers/STM32F7xx_HAL_Driver/Src/stm32f7xx_hal_gpio.o
                0x00000000080023c0                HAL_GPIO_ReadPin
 .text.HAL_GPIO_WritePin
                0x00000000080023f0       0x32 Drivers/STM32F7xx_HAL_Driver/Src/stm32f7xx_hal_gpio.o
                0x00000000080023f0                HAL_GPIO_WritePin
 .text.HAL_GPIO_TogglePin
                0x0000000008002422       0x36 Drivers/STM32F7xx_HAL_Driver/Src/stm32f7xx_hal_gpio.o
                0x0000000008002422                HAL_GPIO_TogglePin
 .text.HAL_PWR_EnableBkUpAccess
                0x0000000008002458       0x20 Drivers/STM32F7xx_HAL_Driver/Src/stm32f7xx_hal_pwr.o
                0x0000000008002458                HAL_PWR_EnableBkUpAccess
 .text.HAL_RCC_OscConfig
                0x0000000008002478      0x4e0 Drivers/STM32F7xx_HAL_Driver/Src/stm32f7xx_hal_rcc.o
                0x0000000008002478                HAL_RCC_OscConfig
 .text.HAL_RCC_ClockConfig
                0x0000000008002958      0x1d0 Drivers/STM32F7xx_HAL_Driver/Src/stm32f7xx_hal_rcc.o
                0x0000000008002958                HAL_RCC_ClockConfig
 .text.HAL_RCC_GetSysClockFreq
                0x0000000008002b28      0x1b0 Drivers/STM32F7xx_HAL_Driver/Src/stm32f7xx_hal_rcc.o
                0x0000000008002b28                HAL_RCC_GetSysClockFreq
 .text.HAL_RCC_GetHCLKFreq
                0x0000000008002cd8       0x18 Drivers/STM32F7xx_HAL_Driver/Src/stm32f7xx_hal_rcc.o
                0x0000000008002cd8                HAL_RCC_GetHCLKFreq
 .text.HAL_RCC_GetPCLK1Freq
                0x0000000008002cf0       0x28 Drivers/STM32F7xx_HAL_Driver/Src/stm32f7xx_hal_rcc.o
                0x0000000008002cf0                HAL_RCC_GetPCLK1Freq
 .text.HAL_RCC_GetPCLK2Freq
                0x0000000008002d18       0x28 Drivers/STM32F7xx_HAL_Driver/Src/stm32f7xx_hal_rcc.o
                0x0000000008002d18                HAL_RCC_GetPCLK2Freq
 .text.HAL_RCC_GetClockConfig
                0x0000000008002d40       0x64 Drivers/STM32F7xx_HAL_Driver/Src/stm32f7xx_hal_rcc.o
                0x0000000008002d40                HAL_RCC_GetClockConfig
 .text.HAL_RCCEx_PeriphCLKConfig
                0x0000000008002da4      0x7dc Drivers/STM32F7xx_HAL_Driver/Src/stm32f7xx_hal_rcc_ex.o
                0x0000000008002da4                HAL_RCCEx_PeriphCLKConfig
 .text.HAL_TIM_Base_Init
                0x0000000008003580       0x56 Drivers/STM32F7xx_HAL_Driver/Src/stm32f7xx_hal_tim.o
                0x0000000008003580                HAL_TIM_Base_Init
 *fill*         0x00000000080035d6        0x2 
 .text.HAL_TIM_Base_Start
                0x00000000080035d8       0x54 Drivers/STM32F7xx_HAL_Driver/Src/stm32f7xx_hal_tim.o
                0x00000000080035d8                HAL_TIM_Base_Start
 .text.HAL_TIM_Base_Start_IT
                0x000000000800362c       0x54 Drivers/STM32F7xx_HAL_Driver/Src/stm32f7xx_hal_tim.o
                0x000000000800362c                HAL_TIM_Base_Start_IT
 .text.HAL_TIM_PWM_Init
                0x0000000008003680       0x56 Drivers/STM32F7xx_HAL_Driver/Src/stm32f7xx_hal_tim.o
                0x0000000008003680                HAL_TIM_PWM_Init
 *fill*         0x00000000080036d6        0x2 
 .text.HAL_TIM_PWM_Start
                0x00000000080036d8       0x88 Drivers/STM32F7xx_HAL_Driver/Src/stm32f7xx_hal_tim.o
                0x00000000080036d8                HAL_TIM_PWM_Start
 .text.HAL_TIM_IRQHandler
                0x0000000008003760      0x23e Drivers/STM32F7xx_HAL_Driver/Src/stm32f7xx_hal_tim.o
                0x0000000008003760                HAL_TIM_IRQHandler
 *fill*         0x000000000800399e        0x2 
 .text.HAL_TIM_PWM_ConfigChannel
                0x00000000080039a0      0x230 Drivers/STM32F7xx_HAL_Driver/Src/stm32f7xx_hal_tim.o
                0x00000000080039a0                HAL_TIM_PWM_ConfigChannel
 .text.HAL_TIM_ConfigClockSource
                0x0000000008003bd0      0x174 Drivers/STM32F7xx_HAL_Driver/Src/stm32f7xx_hal_tim.o
                0x0000000008003bd0                HAL_TIM_ConfigClockSource
 .text.HAL_TIM_OC_DelayElapsedCallback
                0x0000000008003d44       0x14 Drivers/STM32F7xx_HAL_Driver/Src/stm32f7xx_hal_tim.o
                0x0000000008003d44                HAL_TIM_OC_DelayElapsedCallback
 .text.HAL_TIM_IC_CaptureCallback
                0x0000000008003d58       0x14 Drivers/STM32F7xx_HAL_Driver/Src/stm32f7xx_hal_tim.o
                0x0000000008003d58                HAL_TIM_IC_CaptureCallback
 .text.HAL_TIM_PWM_PulseFinishedCallback
                0x0000000008003d6c       0x14 Drivers/STM32F7xx_HAL_Driver/Src/stm32f7xx_hal_tim.o
                0x0000000008003d6c                HAL_TIM_PWM_PulseFinishedCallback
 .text.HAL_TIM_TriggerCallback
                0x0000000008003d80       0x14 Drivers/STM32F7xx_HAL_Driver/Src/stm32f7xx_hal_tim.o
                0x0000000008003d80                HAL_TIM_TriggerCallback
 .text.TIM_Base_SetConfig
                0x0000000008003d94      0x140 Drivers/STM32F7xx_HAL_Driver/Src/stm32f7xx_hal_tim.o
                0x0000000008003d94                TIM_Base_SetConfig
 .text.TIM_OC1_SetConfig
                0x0000000008003ed4       0xe4 Drivers/STM32F7xx_HAL_Driver/Src/stm32f7xx_hal_tim.o
 .text.TIM_OC2_SetConfig
                0x0000000008003fb8       0xf0 Drivers/STM32F7xx_HAL_Driver/Src/stm32f7xx_hal_tim.o
                0x0000000008003fb8                TIM_OC2_SetConfig
 .text.TIM_OC3_SetConfig
                0x00000000080040a8       0xec Drivers/STM32F7xx_HAL_Driver/Src/stm32f7xx_hal_tim.o
 .text.TIM_OC4_SetConfig
                0x0000000008004194       0xb0 Drivers/STM32F7xx_HAL_Driver/Src/stm32f7xx_hal_tim.o
 .text.TIM_OC5_SetConfig
                0x0000000008004244       0xa4 Drivers/STM32F7xx_HAL_Driver/Src/stm32f7xx_hal_tim.o
 .text.TIM_OC6_SetConfig
                0x00000000080042e8       0xa8 Drivers/STM32F7xx_HAL_Driver/Src/stm32f7xx_hal_tim.o
 .text.TIM_TI1_ConfigInputStage
                0x0000000008004390       0x5e Drivers/STM32F7xx_HAL_Driver/Src/stm32f7xx_hal_tim.o
 .text.TIM_TI2_ConfigInputStage
                0x00000000080043ee       0x60 Drivers/STM32F7xx_HAL_Driver/Src/stm32f7xx_hal_tim.o
 .text.TIM_ITRx_SetConfig
                0x000000000800444e       0x36 Drivers/STM32F7xx_HAL_Driver/Src/stm32f7xx_hal_tim.o
 .text.TIM_ETR_SetConfig
                0x0000000008004484       0x40 Drivers/STM32F7xx_HAL_Driver/Src/stm32f7xx_hal_tim.o
                0x0000000008004484                TIM_ETR_SetConfig
 .text.TIM_CCxChannelCmd
                0x00000000080044c4       0x4a Drivers/STM32F7xx_HAL_Driver/Src/stm32f7xx_hal_tim.o
                0x00000000080044c4                TIM_CCxChannelCmd
 *fill*         0x000000000800450e        0x2 
 .text.HAL_TIMEx_MasterConfigSynchronization
                0x0000000008004510       0xb8 Drivers/STM32F7xx_HAL_Driver/Src/stm32f7xx_hal_tim_ex.o
                0x0000000008004510                HAL_TIMEx_MasterConfigSynchronization
 .text.HAL_TIMEx_CommutCallback
                0x00000000080045c8       0x14 Drivers/STM32F7xx_HAL_Driver/Src/stm32f7xx_hal_tim_ex.o
                0x00000000080045c8                HAL_TIMEx_CommutCallback
 .text.HAL_TIMEx_BreakCallback
                0x00000000080045dc       0x14 Drivers/STM32F7xx_HAL_Driver/Src/stm32f7xx_hal_tim_ex.o
                0x00000000080045dc                HAL_TIMEx_BreakCallback
 .text.HAL_TIMEx_Break2Callback
                0x00000000080045f0       0x14 Drivers/STM32F7xx_HAL_Driver/Src/stm32f7xx_hal_tim_ex.o
                0x00000000080045f0                HAL_TIMEx_Break2Callback
 .text.HAL_UART_Init
                0x0000000008004604       0x9c Drivers/STM32F7xx_HAL_Driver/Src/stm32f7xx_hal_uart.o
                0x0000000008004604                HAL_UART_Init
 .text.UART_SetConfig
                0x00000000080046a0      0x548 Drivers/STM32F7xx_HAL_Driver/Src/stm32f7xx_hal_uart.o
                0x00000000080046a0                UART_SetConfig
 .text.UART_AdvFeatureConfig
                0x0000000008004be8      0x144 Drivers/STM32F7xx_HAL_Driver/Src/stm32f7xx_hal_uart.o
                0x0000000008004be8                UART_AdvFeatureConfig
 .text.UART_CheckIdleState
                0x0000000008004d2c       0x5e Drivers/STM32F7xx_HAL_Driver/Src/stm32f7xx_hal_uart.o
                0x0000000008004d2c                UART_CheckIdleState
 .text.UART_WaitOnFlagUntilTimeout
                0x0000000008004d8a       0x90 Drivers/STM32F7xx_HAL_Driver/Src/stm32f7xx_hal_uart.o
                0x0000000008004d8a                UART_WaitOnFlagUntilTimeout
 .text.makeFreeRtosPriority
                0x0000000008004e1a       0x30 Middlewares/Third_Party/FreeRTOS/Source/CMSIS_RTOS/cmsis_os.o
 .text.inHandlerMode
                0x0000000008004e4a       0x24 Middlewares/Third_Party/FreeRTOS/Source/CMSIS_RTOS/cmsis_os.o
 .text.osKernelStart
                0x0000000008004e6e        0xe Middlewares/Third_Party/FreeRTOS/Source/CMSIS_RTOS/cmsis_os.o
                0x0000000008004e6e                osKernelStart
 .text.osThreadCreate
                0x0000000008004e7c       0x98 Middlewares/Third_Party/FreeRTOS/Source/CMSIS_RTOS/cmsis_os.o
                0x0000000008004e7c                osThreadCreate
 .text.osDelay  0x0000000008004f14       0x28 Middlewares/Third_Party/FreeRTOS/Source/CMSIS_RTOS/cmsis_os.o
                0x0000000008004f14                osDelay
 .text.osSemaphoreCreate
                0x0000000008004f3c       0x66 Middlewares/Third_Party/FreeRTOS/Source/CMSIS_RTOS/cmsis_os.o
                0x0000000008004f3c                osSemaphoreCreate
 *fill*         0x0000000008004fa2        0x2 
 .text.osSemaphoreWait
                0x0000000008004fa4       0x9c Middlewares/Third_Party/FreeRTOS/Source/CMSIS_RTOS/cmsis_os.o
                0x0000000008004fa4                osSemaphoreWait
 .text.osSemaphoreRelease
                0x0000000008005040       0x6c Middlewares/Third_Party/FreeRTOS/Source/CMSIS_RTOS/cmsis_os.o
                0x0000000008005040                osSemaphoreRelease
 .text.vListInitialise
                0x00000000080050ac       0x40 Middlewares/Third_Party/FreeRTOS/Source/list.o
                0x00000000080050ac                vListInitialise
 .text.vListInitialiseItem
                0x00000000080050ec       0x1a Middlewares/Third_Party/FreeRTOS/Source/list.o
                0x00000000080050ec                vListInitialiseItem
 .text.vListInsertEnd
                0x0000000008005106       0x48 Middlewares/Third_Party/FreeRTOS/Source/list.o
                0x0000000008005106                vListInsertEnd
 .text.vListInsert
                0x000000000800514e       0x72 Middlewares/Third_Party/FreeRTOS/Source/list.o
                0x000000000800514e                vListInsert
 .text.uxListRemove
                0x00000000080051c0       0x54 Middlewares/Third_Party/FreeRTOS/Source/list.o
                0x00000000080051c0                uxListRemove
 .text.xQueueGenericReset
                0x0000000008005214       0xd4 Middlewares/Third_Party/FreeRTOS/Source/queue.o
                0x0000000008005214                xQueueGenericReset
 .text.xQueueGenericCreateStatic
                0x00000000080052e8       0xf8 Middlewares/Third_Party/FreeRTOS/Source/queue.o
                0x00000000080052e8                xQueueGenericCreateStatic
 .text.xQueueGenericCreate
                0x00000000080053e0       0x7e Middlewares/Third_Party/FreeRTOS/Source/queue.o
                0x00000000080053e0                xQueueGenericCreate
 .text.prvInitialiseNewQueue
                0x000000000800545e       0x3e Middlewares/Third_Party/FreeRTOS/Source/queue.o
 .text.xQueueGenericSend
                0x000000000800549c      0x204 Middlewares/Third_Party/FreeRTOS/Source/queue.o
                0x000000000800549c                xQueueGenericSend
 .text.xQueueGiveFromISR
                0x00000000080056a0      0x122 Middlewares/Third_Party/FreeRTOS/Source/queue.o
                0x00000000080056a0                xQueueGiveFromISR
 *fill*         0x00000000080057c2        0x2 
 .text.xQueueSemaphoreTake
                0x00000000080057c4      0x220 Middlewares/Third_Party/FreeRTOS/Source/queue.o
                0x00000000080057c4                xQueueSemaphoreTake
 .text.xQueueReceiveFromISR
                0x00000000080059e4      0x106 Middlewares/Third_Party/FreeRTOS/Source/queue.o
                0x00000000080059e4                xQueueReceiveFromISR
 .text.prvGetDisinheritPriorityAfterTimeout
                0x0000000008005aea       0x30 Middlewares/Third_Party/FreeRTOS/Source/queue.o
 .text.prvCopyDataToQueue
                0x0000000008005b1a       0xd4 Middlewares/Third_Party/FreeRTOS/Source/queue.o
 .text.prvCopyDataFromQueue
                0x0000000008005bee       0x4c Middlewares/Third_Party/FreeRTOS/Source/queue.o
 .text.prvUnlockQueue
                0x0000000008005c3a       0xa4 Middlewares/Third_Party/FreeRTOS/Source/queue.o
 .text.prvIsQueueEmpty
                0x0000000008005cde       0x2c Middlewares/Third_Party/FreeRTOS/Source/queue.o
 .text.prvIsQueueFull
                0x0000000008005d0a       0x30 Middlewares/Third_Party/FreeRTOS/Source/queue.o
 .text.xTaskCreateStatic
                0x0000000008005d3a       0xbe Middlewares/Third_Party/FreeRTOS/Source/tasks.o
                0x0000000008005d3a                xTaskCreateStatic
 .text.xTaskCreate
                0x0000000008005df8       0x8a Middlewares/Third_Party/FreeRTOS/Source/tasks.o
                0x0000000008005df8                xTaskCreate
 .text.prvInitialiseNewTask
                0x0000000008005e82      0x100 Middlewares/Third_Party/FreeRTOS/Source/tasks.o
 *fill*         0x0000000008005f82        0x2 
 .text.prvAddNewTaskToReadyList
                0x0000000008005f84       0xd4 Middlewares/Third_Party/FreeRTOS/Source/tasks.o
 .text.vTaskDelay
                0x0000000008006058       0x6c Middlewares/Third_Party/FreeRTOS/Source/tasks.o
                0x0000000008006058                vTaskDelay
 .text.vTaskStartScheduler
                0x00000000080060c4       0xc4 Middlewares/Third_Party/FreeRTOS/Source/tasks.o
                0x00000000080060c4                vTaskStartScheduler
 .text.vTaskSuspendAll
                0x0000000008006188       0x1c Middlewares/Third_Party/FreeRTOS/Source/tasks.o
                0x0000000008006188                vTaskSuspendAll
 .text.xTaskResumeAll
                0x00000000080061a4      0x13c Middlewares/Third_Party/FreeRTOS/Source/tasks.o
                0x00000000080061a4                xTaskResumeAll
 .text.xTaskIncrementTick
                0x00000000080062e0      0x17c Middlewares/Third_Party/FreeRTOS/Source/tasks.o
                0x00000000080062e0                xTaskIncrementTick
 .text.vTaskSwitchContext
                0x000000000800645c       0xb8 Middlewares/Third_Party/FreeRTOS/Source/tasks.o
                0x000000000800645c                vTaskSwitchContext
 .text.vTaskPlaceOnEventList
                0x0000000008006514       0x4c Middlewares/Third_Party/FreeRTOS/Source/tasks.o
                0x0000000008006514                vTaskPlaceOnEventList
 .text.xTaskRemoveFromEventList
                0x0000000008006560       0xc8 Middlewares/Third_Party/FreeRTOS/Source/tasks.o
                0x0000000008006560                xTaskRemoveFromEventList
 .text.vTaskInternalSetTimeOutState
                0x0000000008006628       0x2c Middlewares/Third_Party/FreeRTOS/Source/tasks.o
                0x0000000008006628                vTaskInternalSetTimeOutState
 .text.xTaskCheckForTimeOut
                0x0000000008006654       0xc8 Middlewares/Third_Party/FreeRTOS/Source/tasks.o
                0x0000000008006654                xTaskCheckForTimeOut
 .text.vTaskMissedYield
                0x000000000800671c       0x18 Middlewares/Third_Party/FreeRTOS/Source/tasks.o
                0x000000000800671c                vTaskMissedYield
 .text.prvIdleTask
                0x0000000008006734       0x30 Middlewares/Third_Party/FreeRTOS/Source/tasks.o
 .text.prvInitialiseTaskLists
                0x0000000008006764       0x80 Middlewares/Third_Party/FreeRTOS/Source/tasks.o
 .text.prvCheckTasksWaitingTermination
                0x00000000080067e4       0x58 Middlewares/Third_Party/FreeRTOS/Source/tasks.o
 .text.prvDeleteTCB
                0x000000000800683c       0x60 Middlewares/Third_Party/FreeRTOS/Source/tasks.o
 .text.prvResetNextTaskUnblockTime
                0x000000000800689c       0x4c Middlewares/Third_Party/FreeRTOS/Source/tasks.o
 .text.xTaskGetSchedulerState
                0x00000000080068e8       0x3c Middlewares/Third_Party/FreeRTOS/Source/tasks.o
                0x00000000080068e8                xTaskGetSchedulerState
 .text.xTaskPriorityInherit
                0x0000000008006924      0x10c Middlewares/Third_Party/FreeRTOS/Source/tasks.o
                0x0000000008006924                xTaskPriorityInherit
 .text.xTaskPriorityDisinherit
                0x0000000008006a30      0x110 Middlewares/Third_Party/FreeRTOS/Source/tasks.o
                0x0000000008006a30                xTaskPriorityDisinherit
 .text.vTaskPriorityDisinheritAfterTimeout
                0x0000000008006b40      0x144 Middlewares/Third_Party/FreeRTOS/Source/tasks.o
                0x0000000008006b40                vTaskPriorityDisinheritAfterTimeout
 .text.pvTaskIncrementMutexHeldCount
                0x0000000008006c84       0x28 Middlewares/Third_Party/FreeRTOS/Source/tasks.o
                0x0000000008006c84                pvTaskIncrementMutexHeldCount
 .text.prvAddCurrentTaskToDelayedList
                0x0000000008006cac       0xcc Middlewares/Third_Party/FreeRTOS/Source/tasks.o
 .text.pxPortInitialiseStack
                0x0000000008006d78       0x68 Middlewares/Third_Party/FreeRTOS/Source/portable/GCC/ARM_CM7/r0p1/port.o
                0x0000000008006d78                pxPortInitialiseStack
 .text.prvTaskExitError
                0x0000000008006de0       0x5c Middlewares/Third_Party/FreeRTOS/Source/portable/GCC/ARM_CM7/r0p1/port.o
 *fill*         0x0000000008006e3c        0x4 
 .text.SVC_Handler
                0x0000000008006e40       0x28 Middlewares/Third_Party/FreeRTOS/Source/portable/GCC/ARM_CM7/r0p1/port.o
                0x0000000008006e40                SVC_Handler
 .text.prvPortStartFirstTask
                0x0000000008006e68       0x28 Middlewares/Third_Party/FreeRTOS/Source/portable/GCC/ARM_CM7/r0p1/port.o
 .text.xPortStartScheduler
                0x0000000008006e90       0xf8 Middlewares/Third_Party/FreeRTOS/Source/portable/GCC/ARM_CM7/r0p1/port.o
                0x0000000008006e90                xPortStartScheduler
 .text.vPortEnterCritical
                0x0000000008006f88       0x64 Middlewares/Third_Party/FreeRTOS/Source/portable/GCC/ARM_CM7/r0p1/port.o
                0x0000000008006f88                vPortEnterCritical
 .text.vPortExitCritical
                0x0000000008006fec       0x54 Middlewares/Third_Party/FreeRTOS/Source/portable/GCC/ARM_CM7/r0p1/port.o
                0x0000000008006fec                vPortExitCritical
 .text.PendSV_Handler
                0x0000000008007040       0x68 Middlewares/Third_Party/FreeRTOS/Source/portable/GCC/ARM_CM7/r0p1/port.o
                0x0000000008007040                PendSV_Handler
 .text.SysTick_Handler
                0x00000000080070a8       0x44 Middlewares/Third_Party/FreeRTOS/Source/portable/GCC/ARM_CM7/r0p1/port.o
                0x00000000080070a8                SysTick_Handler
 .text.vPortSetupTimerInterrupt
                0x00000000080070ec       0x48 Middlewares/Third_Party/FreeRTOS/Source/portable/GCC/ARM_CM7/r0p1/port.o
                0x00000000080070ec                vPortSetupTimerInterrupt
 .text.vPortEnableVFP
                0x0000000008007134       0x14 Middlewares/Third_Party/FreeRTOS/Source/portable/GCC/ARM_CM7/r0p1/port.o
 .text.vPortValidateInterruptPriority
                0x0000000008007148       0x84 Middlewares/Third_Party/FreeRTOS/Source/portable/GCC/ARM_CM7/r0p1/port.o
                0x0000000008007148                vPortValidateInterruptPriority
 .text.pvPortMalloc
                0x00000000080071cc      0x190 Middlewares/Third_Party/FreeRTOS/Source/portable/MemMang/heap_4.o
                0x00000000080071cc                pvPortMalloc
 .text.vPortFree
                0x000000000800735c       0xb8 Middlewares/Third_Party/FreeRTOS/Source/portable/MemMang/heap_4.o
                0x000000000800735c                vPortFree
 .text.prvHeapInit
                0x0000000008007414       0xc4 Middlewares/Third_Party/FreeRTOS/Source/portable/MemMang/heap_4.o
 .text.prvInsertBlockIntoFreeList
                0x00000000080074d8       0xb4 Middlewares/Third_Party/FreeRTOS/Source/portable/MemMang/heap_4.o
 .text.__libc_init_array
                0x000000000800758c       0x48 c:/st/stm32cubeide_1.0.2/stm32cubeide/plugins/com.st.stm32cube.ide.mcu.externaltools.gnu-tools-for-stm32.7-2018-q2-update.win32_1.0.0.201904181610/tools/bin/../lib/gcc/arm-none-eabi/7.3.1/../../../../arm-none-eabi/lib/thumb/v7e-m/fpv4-sp/hard\libc_nano.a(lib_a-init.o)
                0x000000000800758c                __libc_init_array
 .text.memcpy   0x00000000080075d4       0x16 c:/st/stm32cubeide_1.0.2/stm32cubeide/plugins/com.st.stm32cube.ide.mcu.externaltools.gnu-tools-for-stm32.7-2018-q2-update.win32_1.0.0.201904181610/tools/bin/../lib/gcc/arm-none-eabi/7.3.1/../../../../arm-none-eabi/lib/thumb/v7e-m/fpv4-sp/hard\libc_nano.a(lib_a-memcpy-stub.o)
                0x00000000080075d4                memcpy
 .text.memset   0x00000000080075ea       0x10 c:/st/stm32cubeide_1.0.2/stm32cubeide/plugins/com.st.stm32cube.ide.mcu.externaltools.gnu-tools-for-stm32.7-2018-q2-update.win32_1.0.0.201904181610/tools/bin/../lib/gcc/arm-none-eabi/7.3.1/../../../../arm-none-eabi/lib/thumb/v7e-m/fpv4-sp/hard\libc_nano.a(lib_a-memset.o)
                0x00000000080075ea                memset
 *(.glue_7)
 .glue_7        0x00000000080075fa        0x0 linker stubs
 *(.glue_7t)
 .glue_7t       0x00000000080075fa        0x0 linker stubs
 *(.eh_frame)
 *fill*         0x00000000080075fa        0x2 
 .eh_frame      0x00000000080075fc        0x0 c:/st/stm32cubeide_1.0.2/stm32cubeide/plugins/com.st.stm32cube.ide.mcu.externaltools.gnu-tools-for-stm32.7-2018-q2-update.win32_1.0.0.201904181610/tools/bin/../lib/gcc/arm-none-eabi/7.3.1/thumb/v7e-m/fpv4-sp/hard/crtbegin.o
 *(.init)
 .init          0x00000000080075fc        0x4 c:/st/stm32cubeide_1.0.2/stm32cubeide/plugins/com.st.stm32cube.ide.mcu.externaltools.gnu-tools-for-stm32.7-2018-q2-update.win32_1.0.0.201904181610/tools/bin/../lib/gcc/arm-none-eabi/7.3.1/thumb/v7e-m/fpv4-sp/hard/crti.o
                0x00000000080075fc                _init
 .init          0x0000000008007600        0x8 c:/st/stm32cubeide_1.0.2/stm32cubeide/plugins/com.st.stm32cube.ide.mcu.externaltools.gnu-tools-for-stm32.7-2018-q2-update.win32_1.0.0.201904181610/tools/bin/../lib/gcc/arm-none-eabi/7.3.1/thumb/v7e-m/fpv4-sp/hard/crtn.o
 *(.fini)
 .fini          0x0000000008007608        0x4 c:/st/stm32cubeide_1.0.2/stm32cubeide/plugins/com.st.stm32cube.ide.mcu.externaltools.gnu-tools-for-stm32.7-2018-q2-update.win32_1.0.0.201904181610/tools/bin/../lib/gcc/arm-none-eabi/7.3.1/thumb/v7e-m/fpv4-sp/hard/crti.o
                0x0000000008007608                _fini
 .fini          0x000000000800760c        0x8 c:/st/stm32cubeide_1.0.2/stm32cubeide/plugins/com.st.stm32cube.ide.mcu.externaltools.gnu-tools-for-stm32.7-2018-q2-update.win32_1.0.0.201904181610/tools/bin/../lib/gcc/arm-none-eabi/7.3.1/thumb/v7e-m/fpv4-sp/hard/crtn.o
                0x0000000008007614                . = ALIGN (0x4)
                0x0000000008007614                _etext = .

.vfp11_veneer   0x0000000008007614        0x0
 .vfp11_veneer  0x0000000008007614        0x0 linker stubs

.v4_bx          0x0000000008007614        0x0
 .v4_bx         0x0000000008007614        0x0 linker stubs

.iplt           0x0000000008007614        0x0
 .iplt          0x0000000008007614        0x0 c:/st/stm32cubeide_1.0.2/stm32cubeide/plugins/com.st.stm32cube.ide.mcu.externaltools.gnu-tools-for-stm32.7-2018-q2-update.win32_1.0.0.201904181610/tools/bin/../lib/gcc/arm-none-eabi/7.3.1/thumb/v7e-m/fpv4-sp/hard/crtbegin.o

.rodata         0x0000000008007614       0xb8
                0x0000000008007614                . = ALIGN (0x4)
 *(.rodata)
 .rodata        0x0000000008007614       0x98 Core/Src/freertos.o
 .rodata        0x00000000080076ac        0x5 Middlewares/Third_Party/FreeRTOS/Source/tasks.o
 *(.rodata*)
 *fill*         0x00000000080076b1        0x3 
 .rodata.AHBPrescTable
                0x00000000080076b4       0x10 Core/Src/system_stm32f7xx.o
                0x00000000080076b4                AHBPrescTable
 .rodata.APBPrescTable
                0x00000000080076c4        0x8 Core/Src/system_stm32f7xx.o
                0x00000000080076c4                APBPrescTable
                0x00000000080076cc                . = ALIGN (0x4)

.ARM.extab      0x00000000080076cc        0x0
                0x00000000080076cc                . = ALIGN (0x4)
 *(.ARM.extab* .gnu.linkonce.armextab.*)
                0x00000000080076cc                . = ALIGN (0x4)

.ARM            0x00000000080076cc        0x8
                0x00000000080076cc                . = ALIGN (0x4)
                0x00000000080076cc                __exidx_start = .
 *(.ARM.exidx*)
 .ARM.exidx     0x00000000080076cc        0x8 c:/st/stm32cubeide_1.0.2/stm32cubeide/plugins/com.st.stm32cube.ide.mcu.externaltools.gnu-tools-for-stm32.7-2018-q2-update.win32_1.0.0.201904181610/tools/bin/../lib/gcc/arm-none-eabi/7.3.1/thumb/v7e-m/fpv4-sp/hard\libgcc.a(_udivmoddi4.o)
                0x00000000080076d4                __exidx_end = .
                0x00000000080076d4                . = ALIGN (0x4)

.rel.dyn        0x00000000080076d4        0x0
 .rel.iplt      0x00000000080076d4        0x0 c:/st/stm32cubeide_1.0.2/stm32cubeide/plugins/com.st.stm32cube.ide.mcu.externaltools.gnu-tools-for-stm32.7-2018-q2-update.win32_1.0.0.201904181610/tools/bin/../lib/gcc/arm-none-eabi/7.3.1/thumb/v7e-m/fpv4-sp/hard/crtbegin.o

.preinit_array  0x00000000080076d4        0x0
                0x00000000080076d4                . = ALIGN (0x4)
                0x00000000080076d4                PROVIDE (__preinit_array_start = .)
 *(.preinit_array*)
                0x00000000080076d4                PROVIDE (__preinit_array_end = .)
                0x00000000080076d4                . = ALIGN (0x4)

.init_array     0x00000000080076d4        0x4
                0x00000000080076d4                . = ALIGN (0x4)
                0x00000000080076d4                PROVIDE (__init_array_start = .)
 *(SORT_BY_NAME(.init_array.*))
 *(.init_array*)
 .init_array    0x00000000080076d4        0x4 c:/st/stm32cubeide_1.0.2/stm32cubeide/plugins/com.st.stm32cube.ide.mcu.externaltools.gnu-tools-for-stm32.7-2018-q2-update.win32_1.0.0.201904181610/tools/bin/../lib/gcc/arm-none-eabi/7.3.1/thumb/v7e-m/fpv4-sp/hard/crtbegin.o
                0x00000000080076d8                PROVIDE (__init_array_end = .)
                0x00000000080076d8                . = ALIGN (0x4)

.fini_array     0x00000000080076d8        0x4
                0x00000000080076d8                . = ALIGN (0x4)
                [!provide]                        PROVIDE (__fini_array_start = .)
 *(SORT_BY_NAME(.fini_array.*))
 *(.fini_array*)
 .fini_array    0x00000000080076d8        0x4 c:/st/stm32cubeide_1.0.2/stm32cubeide/plugins/com.st.stm32cube.ide.mcu.externaltools.gnu-tools-for-stm32.7-2018-q2-update.win32_1.0.0.201904181610/tools/bin/../lib/gcc/arm-none-eabi/7.3.1/thumb/v7e-m/fpv4-sp/hard/crtbegin.o
                [!provide]                        PROVIDE (__fini_array_end = .)
                0x00000000080076dc                . = ALIGN (0x4)
                0x00000000080076dc                _sidata = LOADADDR (.data)

.data           0x0000000020000000        0xc load address 0x00000000080076dc
                0x0000000020000000                . = ALIGN (0x4)
                0x0000000020000000                _sdata = .
 *(.data)
 *(.data*)
 .data.SystemCoreClock
                0x0000000020000000        0x4 Core/Src/system_stm32f7xx.o
                0x0000000020000000                SystemCoreClock
 .data.uwTickFreq
                0x0000000020000004        0x1 Drivers/STM32F7xx_HAL_Driver/Src/stm32f7xx_hal.o
                0x0000000020000004                uwTickFreq
 *fill*         0x0000000020000005        0x3 
 .data.uxCriticalNesting
                0x0000000020000008        0x4 Middlewares/Third_Party/FreeRTOS/Source/portable/GCC/ARM_CM7/r0p1/port.o
                0x000000002000000c                . = ALIGN (0x4)
                0x000000002000000c                _edata = .

.igot.plt       0x000000002000000c        0x0 load address 0x00000000080076e8
 .igot.plt      0x000000002000000c        0x0 c:/st/stm32cubeide_1.0.2/stm32cubeide/plugins/com.st.stm32cube.ide.mcu.externaltools.gnu-tools-for-stm32.7-2018-q2-update.win32_1.0.0.201904181610/tools/bin/../lib/gcc/arm-none-eabi/7.3.1/thumb/v7e-m/fpv4-sp/hard/crtbegin.o
                0x000000002000000c                . = ALIGN (0x4)

.bss            0x000000002000000c     0x4190 load address 0x00000000080076e8
                0x000000002000000c                _sbss = .
                0x000000002000000c                __bss_start__ = _sbss
 *(.bss)
 .bss           0x000000002000000c       0x1c c:/st/stm32cubeide_1.0.2/stm32cubeide/plugins/com.st.stm32cube.ide.mcu.externaltools.gnu-tools-for-stm32.7-2018-q2-update.win32_1.0.0.201904181610/tools/bin/../lib/gcc/arm-none-eabi/7.3.1/thumb/v7e-m/fpv4-sp/hard/crtbegin.o
 *(.bss*)
 .bss.what_to_display
                0x0000000020000028        0x4 Core/Src/freertos.o
                0x0000000020000028                what_to_display
 .bss.button    0x000000002000002c        0x4 Core/Src/freertos.o
                0x000000002000002c                button
 .bss.zezwolenie
                0x0000000020000030        0x4 Core/Src/freertos.o
                0x0000000020000030                zezwolenie
 .bss.cyfra_1   0x0000000020000034        0x4 Core/Src/freertos.o
                0x0000000020000034                cyfra_1
 .bss.cyfra_2   0x0000000020000038        0x4 Core/Src/freertos.o
                0x0000000020000038                cyfra_2
 .bss.sum       0x000000002000003c        0x4 Core/Src/freertos.o
                0x000000002000003c                sum
 .bss.ostateczna
                0x0000000020000040        0x4 Core/Src/freertos.o
                0x0000000020000040                ostateczna
 .bss.a         0x0000000020000044        0x4 Core/Src/freertos.o
                0x0000000020000044                a
 .bss.ikk       0x0000000020000048        0x4 Core/Src/freertos.o
                0x0000000020000048                ikk
 .bss.wartosc   0x000000002000004c        0x4 Core/Src/freertos.o
                0x000000002000004c                wartosc
 .bss.xIdleTaskTCBBuffer
                0x0000000020000050       0x54 Core/Src/freertos.o
 .bss.xIdleStack
                0x00000000200000a4      0x200 Core/Src/freertos.o
 .bss.pxCurrentTCB
                0x00000000200002a4        0x4 Middlewares/Third_Party/FreeRTOS/Source/tasks.o
                0x00000000200002a4                pxCurrentTCB
 .bss.pxReadyTasksLists
                0x00000000200002a8       0x8c Middlewares/Third_Party/FreeRTOS/Source/tasks.o
 .bss.xDelayedTaskList1
                0x0000000020000334       0x14 Middlewares/Third_Party/FreeRTOS/Source/tasks.o
 .bss.xDelayedTaskList2
                0x0000000020000348       0x14 Middlewares/Third_Party/FreeRTOS/Source/tasks.o
 .bss.pxDelayedTaskList
                0x000000002000035c        0x4 Middlewares/Third_Party/FreeRTOS/Source/tasks.o
 .bss.pxOverflowDelayedTaskList
                0x0000000020000360        0x4 Middlewares/Third_Party/FreeRTOS/Source/tasks.o
 .bss.xPendingReadyList
                0x0000000020000364       0x14 Middlewares/Third_Party/FreeRTOS/Source/tasks.o
 .bss.xTasksWaitingTermination
                0x0000000020000378       0x14 Middlewares/Third_Party/FreeRTOS/Source/tasks.o
 .bss.uxDeletedTasksWaitingCleanUp
                0x000000002000038c        0x4 Middlewares/Third_Party/FreeRTOS/Source/tasks.o
 .bss.xSuspendedTaskList
                0x0000000020000390       0x14 Middlewares/Third_Party/FreeRTOS/Source/tasks.o
 .bss.uxCurrentNumberOfTasks
                0x00000000200003a4        0x4 Middlewares/Third_Party/FreeRTOS/Source/tasks.o
 .bss.xTickCount
                0x00000000200003a8        0x4 Middlewares/Third_Party/FreeRTOS/Source/tasks.o
 .bss.uxTopReadyPriority
                0x00000000200003ac        0x4 Middlewares/Third_Party/FreeRTOS/Source/tasks.o
 .bss.xSchedulerRunning
                0x00000000200003b0        0x4 Middlewares/Third_Party/FreeRTOS/Source/tasks.o
 .bss.uxPendedTicks
                0x00000000200003b4        0x4 Middlewares/Third_Party/FreeRTOS/Source/tasks.o
 .bss.xYieldPending
                0x00000000200003b8        0x4 Middlewares/Third_Party/FreeRTOS/Source/tasks.o
 .bss.xNumOfOverflows
                0x00000000200003bc        0x4 Middlewares/Third_Party/FreeRTOS/Source/tasks.o
 .bss.uxTaskNumber
                0x00000000200003c0        0x4 Middlewares/Third_Party/FreeRTOS/Source/tasks.o
 .bss.xNextTaskUnblockTime
                0x00000000200003c4        0x4 Middlewares/Third_Party/FreeRTOS/Source/tasks.o
 .bss.xIdleTaskHandle
                0x00000000200003c8        0x4 Middlewares/Third_Party/FreeRTOS/Source/tasks.o
 .bss.uxSchedulerSuspended
                0x00000000200003cc        0x4 Middlewares/Third_Party/FreeRTOS/Source/tasks.o
 .bss.ucMaxSysCallPriority
                0x00000000200003d0        0x1 Middlewares/Third_Party/FreeRTOS/Source/portable/GCC/ARM_CM7/r0p1/port.o
 *fill*         0x00000000200003d1        0x3 
 .bss.ulMaxPRIGROUPValue
                0x00000000200003d4        0x4 Middlewares/Third_Party/FreeRTOS/Source/portable/GCC/ARM_CM7/r0p1/port.o
 .bss.ucHeap    0x00000000200003d8     0x3c00 Middlewares/Third_Party/FreeRTOS/Source/portable/MemMang/heap_4.o
 .bss.xStart    0x0000000020003fd8        0x8 Middlewares/Third_Party/FreeRTOS/Source/portable/MemMang/heap_4.o
 .bss.pxEnd     0x0000000020003fe0        0x4 Middlewares/Third_Party/FreeRTOS/Source/portable/MemMang/heap_4.o
 .bss.xFreeBytesRemaining
                0x0000000020003fe4        0x4 Middlewares/Third_Party/FreeRTOS/Source/portable/MemMang/heap_4.o
 .bss.xMinimumEverFreeBytesRemaining
                0x0000000020003fe8        0x4 Middlewares/Third_Party/FreeRTOS/Source/portable/MemMang/heap_4.o
 .bss.xBlockAllocatedBit
                0x0000000020003fec        0x4 Middlewares/Third_Party/FreeRTOS/Source/portable/MemMang/heap_4.o
 *(COMMON)
 COMMON         0x0000000020003ff0       0xe8 Core/Src/freertos.o
                0x0000000020003ff0                defaultTaskHandle
                0x0000000020003ff4                sensor_time
                0x0000000020003ff8                htim4
                0x0000000020004038                local_time
                0x000000002000403c                distance
                0x0000000020004040                htim3
                0x0000000020004080                wyswietlaczHandle
                0x0000000020004084                data
                0x0000000020004088                htim1
                0x00000000200040c8                count
                0x00000000200040cc                PermHandle
                0x00000000200040d0                pilotHandle
                0x00000000200040d4                czujnikHandle
 COMMON         0x00000000200040d8       0x40 Core/Src/stm32f7xx_hal_timebase_tim.o
                0x00000000200040d8                htim2
 COMMON         0x0000000020004118       0x80 Core/Src/usart.o
                0x0000000020004118                huart2
 COMMON         0x0000000020004198        0x4 Drivers/STM32F7xx_HAL_Driver/Src/stm32f7xx_hal.o
                0x0000000020004198                uwTick
                0x000000002000419c                . = ALIGN (0x4)
                0x000000002000419c                _ebss = .
                0x000000002000419c                __bss_end__ = _ebss

._user_heap_stack
                0x000000002000419c      0x604 load address 0x00000000080076e8
                0x00000000200041a0                . = ALIGN (0x8)
 *fill*         0x000000002000419c        0x4 
                0x00000000200041a0                PROVIDE (end = .)
                [!provide]                        PROVIDE (_end = .)
                0x00000000200043a0                . = (. + _Min_Heap_Size)
 *fill*         0x00000000200041a0      0x200 
                0x00000000200047a0                . = (. + _Min_Stack_Size)
 *fill*         0x00000000200043a0      0x400 
                0x00000000200047a0                . = ALIGN (0x8)

/DISCARD/
 libc.a(*)
 libm.a(*)
 libgcc.a(*)

.ARM.attributes
                0x0000000000000000       0x30
 *(.ARM.attributes)
 .ARM.attributes
                0x0000000000000000       0x22 c:/st/stm32cubeide_1.0.2/stm32cubeide/plugins/com.st.stm32cube.ide.mcu.externaltools.gnu-tools-for-stm32.7-2018-q2-update.win32_1.0.0.201904181610/tools/bin/../lib/gcc/arm-none-eabi/7.3.1/thumb/v7e-m/fpv4-sp/hard/crti.o
 .ARM.attributes
                0x0000000000000022       0x34 c:/st/stm32cubeide_1.0.2/stm32cubeide/plugins/com.st.stm32cube.ide.mcu.externaltools.gnu-tools-for-stm32.7-2018-q2-update.win32_1.0.0.201904181610/tools/bin/../lib/gcc/arm-none-eabi/7.3.1/thumb/v7e-m/fpv4-sp/hard/crtbegin.o
 .ARM.attributes
                0x0000000000000056       0x39 Core/Src/freertos.o
 .ARM.attributes
                0x000000000000008f       0x39 Core/Src/functions.o
 .ARM.attributes
                0x00000000000000c8       0x39 Core/Src/gpio.o
 .ARM.attributes
                0x0000000000000101       0x39 Core/Src/main.o
 .ARM.attributes
                0x000000000000013a       0x39 Core/Src/stm32f7xx_hal_msp.o
 .ARM.attributes
                0x0000000000000173       0x39 Core/Src/stm32f7xx_hal_timebase_tim.o
 .ARM.attributes
                0x00000000000001ac       0x39 Core/Src/stm32f7xx_it.o
 .ARM.attributes
                0x00000000000001e5       0x39 Core/Src/system_stm32f7xx.o
 .ARM.attributes
                0x000000000000021e       0x39 Core/Src/tim.o
 .ARM.attributes
                0x0000000000000257       0x39 Core/Src/usart.o
 .ARM.attributes
                0x0000000000000290       0x21 Core/Startup/startup_stm32f746zgtx.o
 .ARM.attributes
                0x00000000000002b1       0x39 Drivers/STM32F7xx_HAL_Driver/Src/stm32f7xx_hal.o
 .ARM.attributes
                0x00000000000002ea       0x39 Drivers/STM32F7xx_HAL_Driver/Src/stm32f7xx_hal_cortex.o
 .ARM.attributes
                0x0000000000000323       0x39 Drivers/STM32F7xx_HAL_Driver/Src/stm32f7xx_hal_gpio.o
 .ARM.attributes
                0x000000000000035c       0x39 Drivers/STM32F7xx_HAL_Driver/Src/stm32f7xx_hal_pwr.o
 .ARM.attributes
                0x0000000000000395       0x39 Drivers/STM32F7xx_HAL_Driver/Src/stm32f7xx_hal_rcc.o
 .ARM.attributes
                0x00000000000003ce       0x39 Drivers/STM32F7xx_HAL_Driver/Src/stm32f7xx_hal_rcc_ex.o
 .ARM.attributes
                0x0000000000000407       0x39 Drivers/STM32F7xx_HAL_Driver/Src/stm32f7xx_hal_tim.o
 .ARM.attributes
                0x0000000000000440       0x39 Drivers/STM32F7xx_HAL_Driver/Src/stm32f7xx_hal_tim_ex.o
 .ARM.attributes
                0x0000000000000479       0x39 Drivers/STM32F7xx_HAL_Driver/Src/stm32f7xx_hal_uart.o
 .ARM.attributes
                0x00000000000004b2       0x39 Middlewares/Third_Party/FreeRTOS/Source/CMSIS_RTOS/cmsis_os.o
 .ARM.attributes
                0x00000000000004eb       0x39 Middlewares/Third_Party/FreeRTOS/Source/list.o
 .ARM.attributes
                0x0000000000000524       0x39 Middlewares/Third_Party/FreeRTOS/Source/queue.o
 .ARM.attributes
                0x000000000000055d       0x39 Middlewares/Third_Party/FreeRTOS/Source/tasks.o
 .ARM.attributes
                0x0000000000000596       0x39 Middlewares/Third_Party/FreeRTOS/Source/portable/GCC/ARM_CM7/r0p1/port.o
 .ARM.attributes
                0x00000000000005cf       0x39 Middlewares/Third_Party/FreeRTOS/Source/portable/MemMang/heap_4.o
 .ARM.attributes
                0x0000000000000608       0x34 c:/st/stm32cubeide_1.0.2/stm32cubeide/plugins/com.st.stm32cube.ide.mcu.externaltools.gnu-tools-for-stm32.7-2018-q2-update.win32_1.0.0.201904181610/tools/bin/../lib/gcc/arm-none-eabi/7.3.1/../../../../arm-none-eabi/lib/thumb/v7e-m/fpv4-sp/hard\libc_nano.a(lib_a-init.o)
 .ARM.attributes
                0x000000000000063c       0x34 c:/st/stm32cubeide_1.0.2/stm32cubeide/plugins/com.st.stm32cube.ide.mcu.externaltools.gnu-tools-for-stm32.7-2018-q2-update.win32_1.0.0.201904181610/tools/bin/../lib/gcc/arm-none-eabi/7.3.1/../../../../arm-none-eabi/lib/thumb/v7e-m/fpv4-sp/hard\libc_nano.a(lib_a-memcpy-stub.o)
 .ARM.attributes
                0x0000000000000670       0x34 c:/st/stm32cubeide_1.0.2/stm32cubeide/plugins/com.st.stm32cube.ide.mcu.externaltools.gnu-tools-for-stm32.7-2018-q2-update.win32_1.0.0.201904181610/tools/bin/../lib/gcc/arm-none-eabi/7.3.1/../../../../arm-none-eabi/lib/thumb/v7e-m/fpv4-sp/hard\libc_nano.a(lib_a-memset.o)
 .ARM.attributes
                0x00000000000006a4       0x22 c:/st/stm32cubeide_1.0.2/stm32cubeide/plugins/com.st.stm32cube.ide.mcu.externaltools.gnu-tools-for-stm32.7-2018-q2-update.win32_1.0.0.201904181610/tools/bin/../lib/gcc/arm-none-eabi/7.3.1/thumb/v7e-m/fpv4-sp/hard\libgcc.a(_aeabi_uldivmod.o)
 .ARM.attributes
                0x00000000000006c6       0x34 c:/st/stm32cubeide_1.0.2/stm32cubeide/plugins/com.st.stm32cube.ide.mcu.externaltools.gnu-tools-for-stm32.7-2018-q2-update.win32_1.0.0.201904181610/tools/bin/../lib/gcc/arm-none-eabi/7.3.1/thumb/v7e-m/fpv4-sp/hard\libgcc.a(_udivmoddi4.o)
 .ARM.attributes
                0x00000000000006fa       0x22 c:/st/stm32cubeide_1.0.2/stm32cubeide/plugins/com.st.stm32cube.ide.mcu.externaltools.gnu-tools-for-stm32.7-2018-q2-update.win32_1.0.0.201904181610/tools/bin/../lib/gcc/arm-none-eabi/7.3.1/thumb/v7e-m/fpv4-sp/hard\libgcc.a(_dvmd_tls.o)
 .ARM.attributes
                0x000000000000071c       0x22 c:/st/stm32cubeide_1.0.2/stm32cubeide/plugins/com.st.stm32cube.ide.mcu.externaltools.gnu-tools-for-stm32.7-2018-q2-update.win32_1.0.0.201904181610/tools/bin/../lib/gcc/arm-none-eabi/7.3.1/thumb/v7e-m/fpv4-sp/hard/crtn.o
OUTPUT(smart_trolley.elf elf32-littlearm)

.debug_info     0x0000000000000000    0x16b79
 .debug_info    0x0000000000000000      0xe48 Core/Src/freertos.o
 .debug_info    0x0000000000000e48      0x9ac Core/Src/functions.o
 .debug_info    0x00000000000017f4      0x55f Core/Src/gpio.o
 .debug_info    0x0000000000001d53      0xf7d Core/Src/main.o
 .debug_info    0x0000000000002cd0      0x60d Core/Src/stm32f7xx_hal_msp.o
 .debug_info    0x00000000000032dd      0xbe7 Core/Src/stm32f7xx_hal_timebase_tim.o
 .debug_info    0x0000000000003ec4      0x6f2 Core/Src/stm32f7xx_it.o
 .debug_info    0x00000000000045b6      0x73d Core/Src/system_stm32f7xx.o
 .debug_info    0x0000000000004cf3      0xc51 Core/Src/tim.o
 .debug_info    0x0000000000005944      0xa48 Core/Src/usart.o
 .debug_info    0x000000000000638c       0x22 Core/Startup/startup_stm32f746zgtx.o
 .debug_info    0x00000000000063ae      0x9c4 Drivers/STM32F7xx_HAL_Driver/Src/stm32f7xx_hal.o
 .debug_info    0x0000000000006d72     0x104a Drivers/STM32F7xx_HAL_Driver/Src/stm32f7xx_hal_cortex.o
 .debug_info    0x0000000000007dbc      0x7dc Drivers/STM32F7xx_HAL_Driver/Src/stm32f7xx_hal_gpio.o
 .debug_info    0x0000000000008598      0x9b4 Drivers/STM32F7xx_HAL_Driver/Src/stm32f7xx_hal_pwr.o
 .debug_info    0x0000000000008f4c      0x926 Drivers/STM32F7xx_HAL_Driver/Src/stm32f7xx_hal_rcc.o
 .debug_info    0x0000000000009872      0x7ad Drivers/STM32F7xx_HAL_Driver/Src/stm32f7xx_hal_rcc_ex.o
 .debug_info    0x000000000000a01f     0x25a0 Drivers/STM32F7xx_HAL_Driver/Src/stm32f7xx_hal_tim.o
 .debug_info    0x000000000000c5bf     0x121c Drivers/STM32F7xx_HAL_Driver/Src/stm32f7xx_hal_tim_ex.o
 .debug_info    0x000000000000d7db     0x1639 Drivers/STM32F7xx_HAL_Driver/Src/stm32f7xx_hal_uart.o
 .debug_info    0x000000000000ee14     0x1e69 Middlewares/Third_Party/FreeRTOS/Source/CMSIS_RTOS/cmsis_os.o
 .debug_info    0x0000000000010c7d      0xac5 Middlewares/Third_Party/FreeRTOS/Source/list.o
 .debug_info    0x0000000000011742     0x1f2d Middlewares/Third_Party/FreeRTOS/Source/queue.o
 .debug_info    0x000000000001366f     0x243c Middlewares/Third_Party/FreeRTOS/Source/tasks.o
 .debug_info    0x0000000000015aab      0x4e4 Middlewares/Third_Party/FreeRTOS/Source/portable/GCC/ARM_CM7/r0p1/port.o
 .debug_info    0x0000000000015f8f      0xbea Middlewares/Third_Party/FreeRTOS/Source/portable/MemMang/heap_4.o

.debug_abbrev   0x0000000000000000     0x3308
 .debug_abbrev  0x0000000000000000      0x1fe Core/Src/freertos.o
 .debug_abbrev  0x00000000000001fe      0x268 Core/Src/functions.o
 .debug_abbrev  0x0000000000000466      0x134 Core/Src/gpio.o
 .debug_abbrev  0x000000000000059a      0x1b7 Core/Src/main.o
 .debug_abbrev  0x0000000000000751      0x112 Core/Src/stm32f7xx_hal_msp.o
 .debug_abbrev  0x0000000000000863      0x19d Core/Src/stm32f7xx_hal_timebase_tim.o
 .debug_abbrev  0x0000000000000a00      0x15a Core/Src/stm32f7xx_it.o
 .debug_abbrev  0x0000000000000b5a      0x147 Core/Src/system_stm32f7xx.o
 .debug_abbrev  0x0000000000000ca1      0x1c4 Core/Src/tim.o
 .debug_abbrev  0x0000000000000e65      0x199 Core/Src/usart.o
 .debug_abbrev  0x0000000000000ffe       0x12 Core/Startup/startup_stm32f746zgtx.o
 .debug_abbrev  0x0000000000001010      0x1c7 Drivers/STM32F7xx_HAL_Driver/Src/stm32f7xx_hal.o
 .debug_abbrev  0x00000000000011d7      0x2fa Drivers/STM32F7xx_HAL_Driver/Src/stm32f7xx_hal_cortex.o
 .debug_abbrev  0x00000000000014d1      0x1c9 Drivers/STM32F7xx_HAL_Driver/Src/stm32f7xx_hal_gpio.o
 .debug_abbrev  0x000000000000169a      0x1b6 Drivers/STM32F7xx_HAL_Driver/Src/stm32f7xx_hal_pwr.o
 .debug_abbrev  0x0000000000001850      0x21a Drivers/STM32F7xx_HAL_Driver/Src/stm32f7xx_hal_rcc.o
 .debug_abbrev  0x0000000000001a6a      0x1ad Drivers/STM32F7xx_HAL_Driver/Src/stm32f7xx_hal_rcc_ex.o
 .debug_abbrev  0x0000000000001c17      0x230 Drivers/STM32F7xx_HAL_Driver/Src/stm32f7xx_hal_tim.o
 .debug_abbrev  0x0000000000001e47      0x21e Drivers/STM32F7xx_HAL_Driver/Src/stm32f7xx_hal_tim_ex.o
 .debug_abbrev  0x0000000000002065      0x205 Drivers/STM32F7xx_HAL_Driver/Src/stm32f7xx_hal_uart.o
 .debug_abbrev  0x000000000000226a      0x38a Middlewares/Third_Party/FreeRTOS/Source/CMSIS_RTOS/cmsis_os.o
 .debug_abbrev  0x00000000000025f4      0x1cf Middlewares/Third_Party/FreeRTOS/Source/list.o
 .debug_abbrev  0x00000000000027c3      0x354 Middlewares/Third_Party/FreeRTOS/Source/queue.o
 .debug_abbrev  0x0000000000002b17      0x338 Middlewares/Third_Party/FreeRTOS/Source/tasks.o
 .debug_abbrev  0x0000000000002e4f      0x21b Middlewares/Third_Party/FreeRTOS/Source/portable/GCC/ARM_CM7/r0p1/port.o
 .debug_abbrev  0x000000000000306a      0x29e Middlewares/Third_Party/FreeRTOS/Source/portable/MemMang/heap_4.o

.debug_aranges  0x0000000000000000     0x1318
 .debug_aranges
                0x0000000000000000       0x48 Core/Src/freertos.o
 .debug_aranges
                0x0000000000000048       0x70 Core/Src/functions.o
 .debug_aranges
                0x00000000000000b8       0x20 Core/Src/gpio.o
 .debug_aranges
                0x00000000000000d8       0x38 Core/Src/main.o
 .debug_aranges
                0x0000000000000110       0x20 Core/Src/stm32f7xx_hal_msp.o
 .debug_aranges
                0x0000000000000130       0x30 Core/Src/stm32f7xx_hal_timebase_tim.o
 .debug_aranges
                0x0000000000000160       0x50 Core/Src/stm32f7xx_it.o
 .debug_aranges
                0x00000000000001b0       0x28 Core/Src/system_stm32f7xx.o
 .debug_aranges
                0x00000000000001d8       0x58 Core/Src/tim.o
 .debug_aranges
                0x0000000000000230       0x30 Core/Src/usart.o
 .debug_aranges
                0x0000000000000260       0x28 Core/Startup/startup_stm32f746zgtx.o
 .debug_aranges
                0x0000000000000288      0x100 Drivers/STM32F7xx_HAL_Driver/Src/stm32f7xx_hal.o
 .debug_aranges
                0x0000000000000388      0x118 Drivers/STM32F7xx_HAL_Driver/Src/stm32f7xx_hal_cortex.o
 .debug_aranges
                0x00000000000004a0       0x58 Drivers/STM32F7xx_HAL_Driver/Src/stm32f7xx_hal_gpio.o
 .debug_aranges
                0x00000000000004f8       0xa0 Drivers/STM32F7xx_HAL_Driver/Src/stm32f7xx_hal_pwr.o
 .debug_aranges
                0x0000000000000598       0x88 Drivers/STM32F7xx_HAL_Driver/Src/stm32f7xx_hal_rcc.o
 .debug_aranges
                0x0000000000000620       0x50 Drivers/STM32F7xx_HAL_Driver/Src/stm32f7xx_hal_rcc_ex.o
 .debug_aranges
                0x0000000000000670      0x3b8 Drivers/STM32F7xx_HAL_Driver/Src/stm32f7xx_hal_tim.o
 .debug_aranges
                0x0000000000000a28      0x160 Drivers/STM32F7xx_HAL_Driver/Src/stm32f7xx_hal_tim_ex.o
 .debug_aranges
                0x0000000000000b88      0x1f8 Drivers/STM32F7xx_HAL_Driver/Src/stm32f7xx_hal_uart.o
 .debug_aranges
                0x0000000000000d80      0x1d8 Middlewares/Third_Party/FreeRTOS/Source/CMSIS_RTOS/cmsis_os.o
 .debug_aranges
                0x0000000000000f58       0x40 Middlewares/Third_Party/FreeRTOS/Source/list.o
 .debug_aranges
                0x0000000000000f98      0x108 Middlewares/Third_Party/FreeRTOS/Source/queue.o
 .debug_aranges
                0x00000000000010a0      0x1a8 Middlewares/Third_Party/FreeRTOS/Source/tasks.o
 .debug_aranges
                0x0000000000001248       0x80 Middlewares/Third_Party/FreeRTOS/Source/portable/GCC/ARM_CM7/r0p1/port.o
 .debug_aranges
                0x00000000000012c8       0x50 Middlewares/Third_Party/FreeRTOS/Source/portable/MemMang/heap_4.o

.debug_ranges   0x0000000000000000     0x1180
 .debug_ranges  0x0000000000000000       0x38 Core/Src/freertos.o
 .debug_ranges  0x0000000000000038       0x60 Core/Src/functions.o
 .debug_ranges  0x0000000000000098       0x10 Core/Src/gpio.o
 .debug_ranges  0x00000000000000a8       0x28 Core/Src/main.o
 .debug_ranges  0x00000000000000d0       0x10 Core/Src/stm32f7xx_hal_msp.o
 .debug_ranges  0x00000000000000e0       0x20 Core/Src/stm32f7xx_hal_timebase_tim.o
 .debug_ranges  0x0000000000000100       0x40 Core/Src/stm32f7xx_it.o
 .debug_ranges  0x0000000000000140       0x18 Core/Src/system_stm32f7xx.o
 .debug_ranges  0x0000000000000158       0x48 Core/Src/tim.o
 .debug_ranges  0x00000000000001a0       0x20 Core/Src/usart.o
 .debug_ranges  0x00000000000001c0       0x20 Core/Startup/startup_stm32f746zgtx.o
 .debug_ranges  0x00000000000001e0       0xf0 Drivers/STM32F7xx_HAL_Driver/Src/stm32f7xx_hal.o
 .debug_ranges  0x00000000000002d0      0x108 Drivers/STM32F7xx_HAL_Driver/Src/stm32f7xx_hal_cortex.o
 .debug_ranges  0x00000000000003d8       0x48 Drivers/STM32F7xx_HAL_Driver/Src/stm32f7xx_hal_gpio.o
 .debug_ranges  0x0000000000000420       0x90 Drivers/STM32F7xx_HAL_Driver/Src/stm32f7xx_hal_pwr.o
 .debug_ranges  0x00000000000004b0       0x78 Drivers/STM32F7xx_HAL_Driver/Src/stm32f7xx_hal_rcc.o
 .debug_ranges  0x0000000000000528       0x40 Drivers/STM32F7xx_HAL_Driver/Src/stm32f7xx_hal_rcc_ex.o
 .debug_ranges  0x0000000000000568      0x3a8 Drivers/STM32F7xx_HAL_Driver/Src/stm32f7xx_hal_tim.o
 .debug_ranges  0x0000000000000910      0x150 Drivers/STM32F7xx_HAL_Driver/Src/stm32f7xx_hal_tim_ex.o
 .debug_ranges  0x0000000000000a60      0x1e8 Drivers/STM32F7xx_HAL_Driver/Src/stm32f7xx_hal_uart.o
 .debug_ranges  0x0000000000000c48      0x1c8 Middlewares/Third_Party/FreeRTOS/Source/CMSIS_RTOS/cmsis_os.o
 .debug_ranges  0x0000000000000e10       0x30 Middlewares/Third_Party/FreeRTOS/Source/list.o
 .debug_ranges  0x0000000000000e40       0xf8 Middlewares/Third_Party/FreeRTOS/Source/queue.o
 .debug_ranges  0x0000000000000f38      0x198 Middlewares/Third_Party/FreeRTOS/Source/tasks.o
 .debug_ranges  0x00000000000010d0       0x70 Middlewares/Third_Party/FreeRTOS/Source/portable/GCC/ARM_CM7/r0p1/port.o
 .debug_ranges  0x0000000000001140       0x40 Middlewares/Third_Party/FreeRTOS/Source/portable/MemMang/heap_4.o

.debug_macro    0x0000000000000000    0x26b32
 .debug_macro   0x0000000000000000      0x2b3 Core/Src/freertos.o
 .debug_macro   0x00000000000002b3      0xa5a Core/Src/freertos.o
 .debug_macro   0x0000000000000d0d      0x174 Core/Src/freertos.o
 .debug_macro   0x0000000000000e81       0x22 Core/Src/freertos.o
 .debug_macro   0x0000000000000ea3       0x8e Core/Src/freertos.o
 .debug_macro   0x0000000000000f31       0x51 Core/Src/freertos.o
 .debug_macro   0x0000000000000f82       0xef Core/Src/freertos.o
 .debug_macro   0x0000000000001071       0x6a Core/Src/freertos.o
 .debug_macro   0x00000000000010db      0x1df Core/Src/freertos.o
 .debug_macro   0x00000000000012ba       0xd6 Core/Src/freertos.o
 .debug_macro   0x0000000000001390      0x15a Core/Src/freertos.o
 .debug_macro   0x00000000000014ea       0xd7 Core/Src/freertos.o
 .debug_macro   0x00000000000015c1       0x10 Core/Src/freertos.o
 .debug_macro   0x00000000000015d1       0x1f Core/Src/freertos.o
 .debug_macro   0x00000000000015f0      0x4b7 Core/Src/freertos.o
 .debug_macro   0x0000000000001aa7       0xb5 Core/Src/freertos.o
 .debug_macro   0x0000000000001b5c       0x8c Core/Src/freertos.o
 .debug_macro   0x0000000000001be8      0x189 Core/Src/freertos.o
 .debug_macro   0x0000000000001d71       0x2e Core/Src/freertos.o
 .debug_macro   0x0000000000001d9f       0x3b Core/Src/freertos.o
 .debug_macro   0x0000000000001dda       0x1c Core/Src/freertos.o
 .debug_macro   0x0000000000001df6       0x22 Core/Src/freertos.o
 .debug_macro   0x0000000000001e18       0xdf Core/Src/freertos.o
 .debug_macro   0x0000000000001ef7     0x12cd Core/Src/freertos.o
 .debug_macro   0x00000000000031c4      0x11f Core/Src/freertos.o
 .debug_macro   0x00000000000032e3       0x19 Core/Src/freertos.o
 .debug_macro   0x00000000000032fc    0x1882d Core/Src/freertos.o
 .debug_macro   0x000000000001bb29       0x43 Core/Src/freertos.o
 .debug_macro   0x000000000001bb6c     0x363d Core/Src/freertos.o
 .debug_macro   0x000000000001f1a9       0x61 Core/Src/freertos.o
 .debug_macro   0x000000000001f20a     0x18ad Core/Src/freertos.o
 .debug_macro   0x0000000000020ab7      0x6c4 Core/Src/freertos.o
 .debug_macro   0x000000000002117b      0x103 Core/Src/freertos.o
 .debug_macro   0x000000000002127e      0x117 Core/Src/freertos.o
 .debug_macro   0x0000000000021395      0x1fe Core/Src/freertos.o
 .debug_macro   0x0000000000021593       0x27 Core/Src/freertos.o
 .debug_macro   0x00000000000215ba      0x24f Core/Src/freertos.o
 .debug_macro   0x0000000000021809       0x41 Core/Src/freertos.o
 .debug_macro   0x000000000002184a       0x58 Core/Src/freertos.o
 .debug_macro   0x00000000000218a2      0x236 Core/Src/freertos.o
 .debug_macro   0x0000000000021ad8      0x14f Core/Src/freertos.o
 .debug_macro   0x0000000000021c27      0x25b Core/Src/freertos.o
 .debug_macro   0x0000000000021e82       0x12 Core/Src/freertos.o
 .debug_macro   0x0000000000021e94      0x22c Core/Src/freertos.o
 .debug_macro   0x00000000000220c0       0x5a Core/Src/freertos.o
 .debug_macro   0x000000000002211a       0xa5 Core/Src/freertos.o
 .debug_macro   0x00000000000221bf      0x12f Core/Src/freertos.o
 .debug_macro   0x00000000000222ee      0x108 Core/Src/freertos.o
 .debug_macro   0x00000000000223f6       0x35 Core/Src/freertos.o
 .debug_macro   0x000000000002242b      0x9e2 Core/Src/freertos.o
 .debug_macro   0x0000000000022e0d       0x59 Core/Src/freertos.o
 .debug_macro   0x0000000000022e66      0x519 Core/Src/freertos.o
 .debug_macro   0x000000000002337f       0x44 Core/Src/freertos.o
 .debug_macro   0x00000000000233c3      0x14e Core/Src/freertos.o
 .debug_macro   0x0000000000023511      0x1f1 Core/Src/freertos.o
 .debug_macro   0x0000000000023702       0x91 Core/Src/freertos.o
 .debug_macro   0x0000000000023793       0x8d Core/Src/freertos.o
 .debug_macro   0x0000000000023820       0x7e Core/Src/freertos.o
 .debug_macro   0x000000000002389e       0x19 Core/Src/freertos.o
 .debug_macro   0x00000000000238b7       0xf2 Core/Src/freertos.o
 .debug_macro   0x00000000000239a9      0x1fc Core/Src/functions.o
 .debug_macro   0x0000000000023ba5      0x1fc Core/Src/gpio.o
 .debug_macro   0x0000000000023da1      0x2c7 Core/Src/main.o
 .debug_macro   0x0000000000024068       0xd6 Core/Src/main.o
 .debug_macro   0x000000000002413e      0x1f2 Core/Src/stm32f7xx_hal_msp.o
 .debug_macro   0x0000000000024330      0x1e3 Core/Src/stm32f7xx_hal_timebase_tim.o
 .debug_macro   0x0000000000024513      0x264 Core/Src/stm32f7xx_it.o
 .debug_macro   0x0000000000024777      0x1e9 Core/Src/system_stm32f7xx.o
 .debug_macro   0x0000000000024960      0x1fc Core/Src/tim.o
 .debug_macro   0x0000000000024b5c      0x1fc Core/Src/usart.o
 .debug_macro   0x0000000000024d58      0x207 Drivers/STM32F7xx_HAL_Driver/Src/stm32f7xx_hal.o
 .debug_macro   0x0000000000024f5f      0x1e3 Drivers/STM32F7xx_HAL_Driver/Src/stm32f7xx_hal_cortex.o
 .debug_macro   0x0000000000025142      0x219 Drivers/STM32F7xx_HAL_Driver/Src/stm32f7xx_hal_gpio.o
 .debug_macro   0x000000000002535b      0x201 Drivers/STM32F7xx_HAL_Driver/Src/stm32f7xx_hal_pwr.o
 .debug_macro   0x000000000002555c      0x207 Drivers/STM32F7xx_HAL_Driver/Src/stm32f7xx_hal_rcc.o
 .debug_macro   0x0000000000025763      0x1e3 Drivers/STM32F7xx_HAL_Driver/Src/stm32f7xx_hal_rcc_ex.o
 .debug_macro   0x0000000000025946      0x1e4 Drivers/STM32F7xx_HAL_Driver/Src/stm32f7xx_hal_tim.o
 .debug_macro   0x0000000000025b2a      0x1e3 Drivers/STM32F7xx_HAL_Driver/Src/stm32f7xx_hal_tim_ex.o
 .debug_macro   0x0000000000025d0d      0x200 Drivers/STM32F7xx_HAL_Driver/Src/stm32f7xx_hal_uart.o
 .debug_macro   0x0000000000025f0d      0x1f1 Middlewares/Third_Party/FreeRTOS/Source/CMSIS_RTOS/cmsis_os.o
 .debug_macro   0x00000000000260fe       0x10 Middlewares/Third_Party/FreeRTOS/Source/CMSIS_RTOS/cmsis_os.o
 .debug_macro   0x000000000002610e       0x20 Middlewares/Third_Party/FreeRTOS/Source/CMSIS_RTOS/cmsis_os.o
 .debug_macro   0x000000000002612e       0xc7 Middlewares/Third_Party/FreeRTOS/Source/CMSIS_RTOS/cmsis_os.o
 .debug_macro   0x00000000000261f5      0x17a Middlewares/Third_Party/FreeRTOS/Source/list.o
 .debug_macro   0x000000000002636f      0x205 Middlewares/Third_Party/FreeRTOS/Source/queue.o
 .debug_macro   0x0000000000026574       0x16 Middlewares/Third_Party/FreeRTOS/Source/queue.o
 .debug_macro   0x000000000002658a      0x273 Middlewares/Third_Party/FreeRTOS/Source/tasks.o
 .debug_macro   0x00000000000267fd       0x10 Middlewares/Third_Party/FreeRTOS/Source/tasks.o
 .debug_macro   0x000000000002680d      0x184 Middlewares/Third_Party/FreeRTOS/Source/portable/GCC/ARM_CM7/r0p1/port.o
 .debug_macro   0x0000000000026991      0x1a1 Middlewares/Third_Party/FreeRTOS/Source/portable/MemMang/heap_4.o

.debug_line     0x0000000000000000    0x102d2
 .debug_line    0x0000000000000000      0x956 Core/Src/freertos.o
 .debug_line    0x0000000000000956      0xa12 Core/Src/functions.o
 .debug_line    0x0000000000001368      0x748 Core/Src/gpio.o
 .debug_line    0x0000000000001ab0      0x8dd Core/Src/main.o
 .debug_line    0x000000000000238d      0x6ed Core/Src/stm32f7xx_hal_msp.o
 .debug_line    0x0000000000002a7a      0x720 Core/Src/stm32f7xx_hal_timebase_tim.o
 .debug_line    0x000000000000319a      0x875 Core/Src/stm32f7xx_it.o
 .debug_line    0x0000000000003a0f      0x70b Core/Src/system_stm32f7xx.o
 .debug_line    0x000000000000411a      0x7b2 Core/Src/tim.o
 .debug_line    0x00000000000048cc      0x722 Core/Src/usart.o
 .debug_line    0x0000000000004fee       0x86 Core/Startup/startup_stm32f746zgtx.o
 .debug_line    0x0000000000005074      0x911 Drivers/STM32F7xx_HAL_Driver/Src/stm32f7xx_hal.o
 .debug_line    0x0000000000005985      0xa15 Drivers/STM32F7xx_HAL_Driver/Src/stm32f7xx_hal_cortex.o
 .debug_line    0x000000000000639a      0x8f9 Drivers/STM32F7xx_HAL_Driver/Src/stm32f7xx_hal_gpio.o
 .debug_line    0x0000000000006c93      0x859 Drivers/STM32F7xx_HAL_Driver/Src/stm32f7xx_hal_pwr.o
 .debug_line    0x00000000000074ec      0x975 Drivers/STM32F7xx_HAL_Driver/Src/stm32f7xx_hal_rcc.o
 .debug_line    0x0000000000007e61      0x8fc Drivers/STM32F7xx_HAL_Driver/Src/stm32f7xx_hal_rcc_ex.o
 .debug_line    0x000000000000875d     0x1a19 Drivers/STM32F7xx_HAL_Driver/Src/stm32f7xx_hal_tim.o
 .debug_line    0x000000000000a176      0xd76 Drivers/STM32F7xx_HAL_Driver/Src/stm32f7xx_hal_tim_ex.o
 .debug_line    0x000000000000aeec     0x11f7 Drivers/STM32F7xx_HAL_Driver/Src/stm32f7xx_hal_uart.o
 .debug_line    0x000000000000c0e3      0xcc4 Middlewares/Third_Party/FreeRTOS/Source/CMSIS_RTOS/cmsis_os.o
 .debug_line    0x000000000000cda7      0x670 Middlewares/Third_Party/FreeRTOS/Source/list.o
 .debug_line    0x000000000000d417      0xf71 Middlewares/Third_Party/FreeRTOS/Source/queue.o
 .debug_line    0x000000000000e388     0x1177 Middlewares/Third_Party/FreeRTOS/Source/tasks.o
 .debug_line    0x000000000000f4ff      0x67d Middlewares/Third_Party/FreeRTOS/Source/portable/GCC/ARM_CM7/r0p1/port.o
 .debug_line    0x000000000000fb7c      0x756 Middlewares/Third_Party/FreeRTOS/Source/portable/MemMang/heap_4.o

.debug_str      0x0000000000000000    0xf1aeb
 .debug_str     0x0000000000000000    0xe830e Core/Src/freertos.o
                                      0xe8afd (size before relaxing)
 .debug_str     0x00000000000e830e       0x9e Core/Src/functions.o
                                      0xe2b33 (size before relaxing)
 .debug_str     0x00000000000e83ac      0x17b Core/Src/gpio.o
                                      0xe275d (size before relaxing)
 .debug_str     0x00000000000e8527      0x5e6 Core/Src/main.o
                                      0xe8cd2 (size before relaxing)
 .debug_str     0x00000000000e8b0d      0x5ba Core/Src/stm32f7xx_hal_msp.o
                                      0xe2c65 (size before relaxing)
 .debug_str     0x00000000000e90c7       0xaa Core/Src/stm32f7xx_hal_timebase_tim.o
                                      0xe2abc (size before relaxing)
 .debug_str     0x00000000000e9171       0xa2 Core/Src/stm32f7xx_it.o
                                      0xe646f (size before relaxing)
 .debug_str     0x00000000000e9213      0x18d Core/Src/system_stm32f7xx.o
                                      0xe2118 (size before relaxing)
 .debug_str     0x00000000000e93a0      0x1e1 Core/Src/tim.o
                                      0xe2da1 (size before relaxing)
 .debug_str     0x00000000000e9581       0x57 Core/Src/usart.o
                                      0xe2bc9 (size before relaxing)
 .debug_str     0x00000000000e95d8       0x36 Core/Startup/startup_stm32f746zgtx.o
                                         0x60 (size before relaxing)
 .debug_str     0x00000000000e960e      0x334 Drivers/STM32F7xx_HAL_Driver/Src/stm32f7xx_hal.o
                                      0xe29bd (size before relaxing)
 .debug_str     0x00000000000e9942      0x37f Drivers/STM32F7xx_HAL_Driver/Src/stm32f7xx_hal_cortex.o
                                      0xe2a71 (size before relaxing)
 .debug_str     0x00000000000e9cc1      0x244 Drivers/STM32F7xx_HAL_Driver/Src/stm32f7xx_hal_gpio.o
                                      0xe22ee (size before relaxing)
 .debug_str     0x00000000000e9f05      0x2c5 Drivers/STM32F7xx_HAL_Driver/Src/stm32f7xx_hal_pwr.o
                                      0xe23d0 (size before relaxing)
 .debug_str     0x00000000000ea1ca      0x263 Drivers/STM32F7xx_HAL_Driver/Src/stm32f7xx_hal_rcc.o
                                      0xe2428 (size before relaxing)
 .debug_str     0x00000000000ea42d      0x169 Drivers/STM32F7xx_HAL_Driver/Src/stm32f7xx_hal_rcc_ex.o
                                      0xe23bd (size before relaxing)
 .debug_str     0x00000000000ea596      0xc8f Drivers/STM32F7xx_HAL_Driver/Src/stm32f7xx_hal_tim.o
                                      0xe31a4 (size before relaxing)
 .debug_str     0x00000000000eb225      0x504 Drivers/STM32F7xx_HAL_Driver/Src/stm32f7xx_hal_tim_ex.o
                                      0xe29f7 (size before relaxing)
 .debug_str     0x00000000000eb729      0x788 Drivers/STM32F7xx_HAL_Driver/Src/stm32f7xx_hal_uart.o
                                      0xe2c06 (size before relaxing)
 .debug_str     0x00000000000ebeb1     0x369c Middlewares/Third_Party/FreeRTOS/Source/CMSIS_RTOS/cmsis_os.o
                                       0xdd8e (size before relaxing)
 .debug_str     0x00000000000ef54d      0x225 Middlewares/Third_Party/FreeRTOS/Source/list.o
                                       0xa4d6 (size before relaxing)
 .debug_str     0x00000000000ef772      0x7d3 Middlewares/Third_Party/FreeRTOS/Source/queue.o
                                       0xbb8a (size before relaxing)
 .debug_str     0x00000000000eff45     0x11ca Middlewares/Third_Party/FreeRTOS/Source/tasks.o
                                       0xc6c3 (size before relaxing)
 .debug_str     0x00000000000f110f      0x782 Middlewares/Third_Party/FreeRTOS/Source/portable/GCC/ARM_CM7/r0p1/port.o
                                       0x814e (size before relaxing)
 .debug_str     0x00000000000f1891      0x25a Middlewares/Third_Party/FreeRTOS/Source/portable/MemMang/heap_4.o
                                       0xabf9 (size before relaxing)

.comment        0x0000000000000000       0x7b
 .comment       0x0000000000000000       0x7b Core/Src/freertos.o
                                         0x7c (size before relaxing)
 .comment       0x000000000000007b       0x7c Core/Src/functions.o
 .comment       0x000000000000007b       0x7c Core/Src/gpio.o
 .comment       0x000000000000007b       0x7c Core/Src/main.o
 .comment       0x000000000000007b       0x7c Core/Src/stm32f7xx_hal_msp.o
 .comment       0x000000000000007b       0x7c Core/Src/stm32f7xx_hal_timebase_tim.o
 .comment       0x000000000000007b       0x7c Core/Src/stm32f7xx_it.o
 .comment       0x000000000000007b       0x7c Core/Src/system_stm32f7xx.o
 .comment       0x000000000000007b       0x7c Core/Src/tim.o
 .comment       0x000000000000007b       0x7c Core/Src/usart.o
 .comment       0x000000000000007b       0x7c Drivers/STM32F7xx_HAL_Driver/Src/stm32f7xx_hal.o
 .comment       0x000000000000007b       0x7c Drivers/STM32F7xx_HAL_Driver/Src/stm32f7xx_hal_cortex.o
 .comment       0x000000000000007b       0x7c Drivers/STM32F7xx_HAL_Driver/Src/stm32f7xx_hal_gpio.o
 .comment       0x000000000000007b       0x7c Drivers/STM32F7xx_HAL_Driver/Src/stm32f7xx_hal_pwr.o
 .comment       0x000000000000007b       0x7c Drivers/STM32F7xx_HAL_Driver/Src/stm32f7xx_hal_rcc.o
 .comment       0x000000000000007b       0x7c Drivers/STM32F7xx_HAL_Driver/Src/stm32f7xx_hal_rcc_ex.o
 .comment       0x000000000000007b       0x7c Drivers/STM32F7xx_HAL_Driver/Src/stm32f7xx_hal_tim.o
 .comment       0x000000000000007b       0x7c Drivers/STM32F7xx_HAL_Driver/Src/stm32f7xx_hal_tim_ex.o
 .comment       0x000000000000007b       0x7c Drivers/STM32F7xx_HAL_Driver/Src/stm32f7xx_hal_uart.o
 .comment       0x000000000000007b       0x7c Middlewares/Third_Party/FreeRTOS/Source/CMSIS_RTOS/cmsis_os.o
 .comment       0x000000000000007b       0x7c Middlewares/Third_Party/FreeRTOS/Source/list.o
 .comment       0x000000000000007b       0x7c Middlewares/Third_Party/FreeRTOS/Source/queue.o
 .comment       0x000000000000007b       0x7c Middlewares/Third_Party/FreeRTOS/Source/tasks.o
 .comment       0x000000000000007b       0x7c Middlewares/Third_Party/FreeRTOS/Source/portable/GCC/ARM_CM7/r0p1/port.o
 .comment       0x000000000000007b       0x7c Middlewares/Third_Party/FreeRTOS/Source/portable/MemMang/heap_4.o

.debug_frame    0x0000000000000000     0x4e10
 .debug_frame   0x0000000000000000       0xe4 Core/Src/freertos.o
 .debug_frame   0x00000000000000e4      0x194 Core/Src/functions.o
 .debug_frame   0x0000000000000278       0x38 Core/Src/gpio.o
 .debug_frame   0x00000000000002b0       0x98 Core/Src/main.o
 .debug_frame   0x0000000000000348       0x34 Core/Src/stm32f7xx_hal_msp.o
 .debug_frame   0x000000000000037c       0x74 Core/Src/stm32f7xx_hal_timebase_tim.o
 .debug_frame   0x00000000000003f0       0xcc Core/Src/stm32f7xx_it.o
 .debug_frame   0x00000000000004bc       0x58 Core/Src/system_stm32f7xx.o
 .debug_frame   0x0000000000000514      0x140 Core/Src/tim.o
 .debug_frame   0x0000000000000654       0x74 Core/Src/usart.o
 .debug_frame   0x00000000000006c8      0x3b4 Drivers/STM32F7xx_HAL_Driver/Src/stm32f7xx_hal.o
 .debug_frame   0x0000000000000a7c      0x498 Drivers/STM32F7xx_HAL_Driver/Src/stm32f7xx_hal_cortex.o
 .debug_frame   0x0000000000000f14      0x14c Drivers/STM32F7xx_HAL_Driver/Src/stm32f7xx_hal_gpio.o
 .debug_frame   0x0000000000001060      0x254 Drivers/STM32F7xx_HAL_Driver/Src/stm32f7xx_hal_pwr.o
 .debug_frame   0x00000000000012b4      0x1f4 Drivers/STM32F7xx_HAL_Driver/Src/stm32f7xx_hal_rcc.o
 .debug_frame   0x00000000000014a8      0x118 Drivers/STM32F7xx_HAL_Driver/Src/stm32f7xx_hal_rcc_ex.o
 .debug_frame   0x00000000000015c0     0x1144 Drivers/STM32F7xx_HAL_Driver/Src/stm32f7xx_hal_tim.o
 .debug_frame   0x0000000000002704      0x610 Drivers/STM32F7xx_HAL_Driver/Src/stm32f7xx_hal_tim_ex.o
 .debug_frame   0x0000000000002d14      0x8f4 Drivers/STM32F7xx_HAL_Driver/Src/stm32f7xx_hal_uart.o
 .debug_frame   0x0000000000003608      0x80c Middlewares/Third_Party/FreeRTOS/Source/CMSIS_RTOS/cmsis_os.o
 .debug_frame   0x0000000000003e14       0xd8 Middlewares/Third_Party/FreeRTOS/Source/list.o
 .debug_frame   0x0000000000003eec      0x46c Middlewares/Third_Party/FreeRTOS/Source/queue.o
 .debug_frame   0x0000000000004358      0x734 Middlewares/Third_Party/FreeRTOS/Source/tasks.o
 .debug_frame   0x0000000000004a8c      0x1a8 Middlewares/Third_Party/FreeRTOS/Source/portable/GCC/ARM_CM7/r0p1/port.o
 .debug_frame   0x0000000000004c34      0x108 Middlewares/Third_Party/FreeRTOS/Source/portable/MemMang/heap_4.o
 .debug_frame   0x0000000000004d3c       0x2c c:/st/stm32cubeide_1.0.2/stm32cubeide/plugins/com.st.stm32cube.ide.mcu.externaltools.gnu-tools-for-stm32.7-2018-q2-update.win32_1.0.0.201904181610/tools/bin/../lib/gcc/arm-none-eabi/7.3.1/../../../../arm-none-eabi/lib/thumb/v7e-m/fpv4-sp/hard\libc_nano.a(lib_a-init.o)
 .debug_frame   0x0000000000004d68       0x28 c:/st/stm32cubeide_1.0.2/stm32cubeide/plugins/com.st.stm32cube.ide.mcu.externaltools.gnu-tools-for-stm32.7-2018-q2-update.win32_1.0.0.201904181610/tools/bin/../lib/gcc/arm-none-eabi/7.3.1/../../../../arm-none-eabi/lib/thumb/v7e-m/fpv4-sp/hard\libc_nano.a(lib_a-memcpy-stub.o)
 .debug_frame   0x0000000000004d90       0x20 c:/st/stm32cubeide_1.0.2/stm32cubeide/plugins/com.st.stm32cube.ide.mcu.externaltools.gnu-tools-for-stm32.7-2018-q2-update.win32_1.0.0.201904181610/tools/bin/../lib/gcc/arm-none-eabi/7.3.1/../../../../arm-none-eabi/lib/thumb/v7e-m/fpv4-sp/hard\libc_nano.a(lib_a-memset.o)
 .debug_frame   0x0000000000004db0       0x2c c:/st/stm32cubeide_1.0.2/stm32cubeide/plugins/com.st.stm32cube.ide.mcu.externaltools.gnu-tools-for-stm32.7-2018-q2-update.win32_1.0.0.201904181610/tools/bin/../lib/gcc/arm-none-eabi/7.3.1/thumb/v7e-m/fpv4-sp/hard\libgcc.a(_aeabi_uldivmod.o)